<?xml version="1.0" encoding="utf-8"?>
<TestRun id="775e7c51-2418-4b75-b596-8602b541e524" name="service-account@EAGLE-1 2022-03-14 07:56:17" runUser="HRHINOS\service-account" xmlns="http://microsoft.com/schemas/VisualStudio/TeamTest/2010">
  <Times creation="2022-03-14T07:56:17.0853588+02:00" queuing="2022-03-14T07:56:17.0853590+02:00" start="2022-03-14T07:56:13.6675427+02:00" finish="2022-03-14T08:04:37.1386046+02:00" />
  <TestSettings name="default" id="00fa9c18-0718-4622-8b69-3a3da6aadcdc">
    <Deployment runDeploymentRoot="service-account_EAGLE-1_2022-03-14_07_56_17" />
  </TestSettings>
  <Results>
    <UnitTestResult executionId="f500f8bd-3586-4239-8011-15c481af7cc8" testId="39540871-45a4-183d-d444-3ec08140c461" testName="StressTests.Client.Attachments.AttachmentsSessionAsyncStress.PutLotOfAttachments32(count: 50000)" computerName="EAGLE-1" duration="00:00:07.1484049" startTime="2022-03-14T07:59:38.2173015+02:00" endTime="2022-03-14T07:59:38.2173016+02:00" testType="13cdc9d9-ddb5-4fa4-a97d-d965ccfc6d4b" outcome="Passed" testListId="8c84fa94-04c1-424b-9868-57a2d4851a1d" relativeResultsDirectory="f500f8bd-3586-4239-8011-15c481af7cc8" />
    <UnitTestResult executionId="fc29bf6f-1a61-4565-9b19-13d4d39f6b20" testId="49eeb04f-559b-dbb4-594b-a9277c5578bb" testName="StressTests.Issues.RavenDB_14464.CanUseChangesApiAndToggleServer" computerName="EAGLE-1" duration="00:00:15.8120349" startTime="2022-03-14T07:59:54.0304678+02:00" endTime="2022-03-14T07:59:54.0304680+02:00" testType="13cdc9d9-ddb5-4fa4-a97d-d965ccfc6d4b" outcome="Passed" testListId="8c84fa94-04c1-424b-9868-57a2d4851a1d" relativeResultsDirectory="fc29bf6f-1a61-4565-9b19-13d4d39f6b20" />
    <UnitTestResult executionId="ce939729-86c3-413a-9dbf-43b657adfa4c" testId="dfcf9176-a113-b74c-7ffb-4adb5ddcb814" testName="StressTests.Issues.RavenDB_15780.SuccessRate_BloomFilters_2" computerName="EAGLE-1" duration="00:00:00.0010000" startTime="2022-03-14T07:56:15.6710714+02:00" endTime="2022-03-14T07:56:15.6710715+02:00" testType="13cdc9d9-ddb5-4fa4-a97d-d965ccfc6d4b" outcome="NotExecuted" testListId="8c84fa94-04c1-424b-9868-57a2d4851a1d" relativeResultsDirectory="ce939729-86c3-413a-9dbf-43b657adfa4c">
      <Output>
        <StdOut>Test can be run only on 'All' (AllX64)</StdOut>
      </Output>
    </UnitTestResult>
    <UnitTestResult executionId="4daaafe0-4152-4a0f-ad55-158c76ae596d" testId="17accdce-e44e-8c8f-579c-153b004f2932" testName="StressTests.Issues.RavenDB_13987.ServerWideBackupShouldNotWakeupIdleDatabases" computerName="EAGLE-1" duration="00:00:42.3937139" startTime="2022-03-14T07:59:00.4474445+02:00" endTime="2022-03-14T07:59:00.4474446+02:00" testType="13cdc9d9-ddb5-4fa4-a97d-d965ccfc6d4b" outcome="Passed" testListId="8c84fa94-04c1-424b-9868-57a2d4851a1d" relativeResultsDirectory="4daaafe0-4152-4a0f-ad55-158c76ae596d" />
    <UnitTestResult executionId="bbecc184-049c-47f6-844f-a4c89a194e8a" testId="ee259392-c190-a7e5-f0b6-80196ad6fcf6" testName="StressTests.Issues.RavenDB_13987.DatabaseWithBackupTaskShouldNotGetIdleBeforeBackupOccurrence" computerName="EAGLE-1" duration="00:01:42.4601957" startTime="2022-03-14T07:58:18.0519857+02:00" endTime="2022-03-14T07:58:18.0519880+02:00" testType="13cdc9d9-ddb5-4fa4-a97d-d965ccfc6d4b" outcome="Passed" testListId="8c84fa94-04c1-424b-9868-57a2d4851a1d" relativeResultsDirectory="bbecc184-049c-47f6-844f-a4c89a194e8a" />
    <UnitTestResult executionId="6b40ec88-7639-4f98-b8c2-81253ddbc1b5" testId="70ecf74d-a259-b420-0f00-62ea4b05c9ca" testName="StressTests.Issues.RavenDB_16934.Should_Delete_All_Documents_Without_Timeout" computerName="EAGLE-1" duration="00:00:00.0010000" startTime="2022-03-14T07:59:00.4480688+02:00" endTime="2022-03-14T07:59:00.4480688+02:00" testType="13cdc9d9-ddb5-4fa4-a97d-d965ccfc6d4b" outcome="NotExecuted" testListId="8c84fa94-04c1-424b-9868-57a2d4851a1d" relativeResultsDirectory="6b40ec88-7639-4f98-b8c2-81253ddbc1b5">
      <Output>
        <StdOut>Test can be run only on 'All' (AllX64)</StdOut>
      </Output>
    </UnitTestResult>
    <UnitTestResult executionId="6e12ecba-9e9b-4f97-8786-a0002d9633a8" testId="46ca3e75-60ac-bf4b-f151-ac54416557c6" testName="StressTests.Issues.RavenDB_5763.Should_not_throw_timeout_and_out_of_memory" computerName="EAGLE-1" duration="00:00:00.3542277" startTime="2022-03-14T08:00:22.7724589+02:00" endTime="2022-03-14T08:00:22.7724591+02:00" testType="13cdc9d9-ddb5-4fa4-a97d-d965ccfc6d4b" outcome="Passed" testListId="8c84fa94-04c1-424b-9868-57a2d4851a1d" relativeResultsDirectory="6e12ecba-9e9b-4f97-8786-a0002d9633a8" />
    <UnitTestResult executionId="c64a60bb-0e2a-43b1-a200-7605937d12d7" testId="d5b274e5-9075-02dc-a2c4-b1fc1644b2ff" testName="StressTests.Issues.RavenDB_13861.BatchMemorySizeLimitationShouldBeExactInEncryptedModeIn64Bit" computerName="EAGLE-1" duration="00:00:00.0010000" startTime="2022-03-14T08:00:19.0508789+02:00" endTime="2022-03-14T08:00:19.0508790+02:00" testType="13cdc9d9-ddb5-4fa4-a97d-d965ccfc6d4b" outcome="NotExecuted" testListId="8c84fa94-04c1-424b-9868-57a2d4851a1d" relativeResultsDirectory="c64a60bb-0e2a-43b1-a200-7605937d12d7">
      <Output>
        <StdOut>Test can be run only on 'All' (AllX64)</StdOut>
      </Output>
    </UnitTestResult>
    <UnitTestResult executionId="8f79955a-37d3-4ebf-a078-5b3f056e4f67" testId="45eadb51-5e61-5237-7237-76875f83be4b" testName="StressTests.Client.Attachments.AttachmentsSessionAsyncStress.PutLotOfAttachments" computerName="EAGLE-1" duration="00:00:00.0010000" startTime="2022-03-14T07:59:38.2175047+02:00" endTime="2022-03-14T07:59:38.2175047+02:00" testType="13cdc9d9-ddb5-4fa4-a97d-d965ccfc6d4b" outcome="NotExecuted" testListId="8c84fa94-04c1-424b-9868-57a2d4851a1d" relativeResultsDirectory="8f79955a-37d3-4ebf-a078-5b3f056e4f67">
      <Output>
        <StdOut>Test can be run only on 'All' (AllX64)</StdOut>
      </Output>
    </UnitTestResult>
    <UnitTestResult executionId="54602cb7-2ea2-4b97-9799-636d85e9c6c3" testId="e4d14b53-e8ed-0db1-b335-08b04c59e636" testName="StressTests.Issues.RavenDB_13861.BatchMemorySizeLimitationShouldBeExactIn64Bit" computerName="EAGLE-1" duration="00:00:00.0010000" startTime="2022-03-14T08:00:19.0509267+02:00" endTime="2022-03-14T08:00:19.0509267+02:00" testType="13cdc9d9-ddb5-4fa4-a97d-d965ccfc6d4b" outcome="NotExecuted" testListId="8c84fa94-04c1-424b-9868-57a2d4851a1d" relativeResultsDirectory="54602cb7-2ea2-4b97-9799-636d85e9c6c3">
      <Output>
        <StdOut>Test can be run only on 'All' (AllX64)</StdOut>
      </Output>
    </UnitTestResult>
    <UnitTestResult executionId="176ea147-ccd6-4e81-b84b-ffd979f6ae73" testId="98f0edae-f8eb-5957-cbae-cee5439fc509" testName="StressTests.Issues.RavenDB_15780.SuccessRate_BloomFilters_3" computerName="EAGLE-1" duration="00:00:00.0010000" startTime="2022-03-14T07:56:15.6711585+02:00" endTime="2022-03-14T07:56:15.6711585+02:00" testType="13cdc9d9-ddb5-4fa4-a97d-d965ccfc6d4b" outcome="NotExecuted" testListId="8c84fa94-04c1-424b-9868-57a2d4851a1d" relativeResultsDirectory="176ea147-ccd6-4e81-b84b-ffd979f6ae73">
      <Output>
        <StdOut>Test can be run only on 'All' (AllX64)</StdOut>
      </Output>
    </UnitTestResult>
    <UnitTestResult executionId="df1ebb5f-3c46-4968-9e27-aa86d57b0f11" testId="fe177f54-d8d1-fe5a-9f44-b225cfc4e3a8" testName="StressTests.Issues.RavenDB_12151.IndexingWhenScratchSpaceLimitExceeded" computerName="EAGLE-1" duration="00:00:00.0010000" startTime="2022-03-14T08:00:22.7728891+02:00" endTime="2022-03-14T08:00:22.7728891+02:00" testType="13cdc9d9-ddb5-4fa4-a97d-d965ccfc6d4b" outcome="NotExecuted" testListId="8c84fa94-04c1-424b-9868-57a2d4851a1d" relativeResultsDirectory="df1ebb5f-3c46-4968-9e27-aa86d57b0f11">
      <Output>
        <StdOut>Test can be run only on 'All' (AllX64)</StdOut>
      </Output>
    </UnitTestResult>
    <UnitTestResult executionId="16cab836-c2cc-429c-a351-26c5ce17add3" testId="fad8833f-52c0-9aa0-a819-ef47f78319ad" testName="StressTests.Issues.RavenDB_15080.CountersShouldBeCaseInsensitive" computerName="EAGLE-1" duration="00:00:00.0676718" startTime="2022-03-14T08:00:13.7839948+02:00" endTime="2022-03-14T08:00:13.7839949+02:00" testType="13cdc9d9-ddb5-4fa4-a97d-d965ccfc6d4b" outcome="Passed" testListId="8c84fa94-04c1-424b-9868-57a2d4851a1d" relativeResultsDirectory="16cab836-c2cc-429c-a351-26c5ce17add3" />
    <UnitTestResult executionId="30e54e69-6a69-4094-89f3-37e5bdaebe77" testId="cc97f8b2-a5c9-bf1f-c3e8-4ce8e2e0c58c" testName="StressTests.Utils.ChunkedMmapStreamStressTests.Can_seek_and_read_from_chunked_mmap_file(totalSize: 131089, chunkSize: 64, seed: 41630681)" computerName="EAGLE-1" duration="00:00:08.8522543" startTime="2022-03-14T08:00:46.3936386+02:00" endTime="2022-03-14T08:00:46.3936387+02:00" testType="13cdc9d9-ddb5-4fa4-a97d-d965ccfc6d4b" outcome="Passed" testListId="8c84fa94-04c1-424b-9868-57a2d4851a1d" relativeResultsDirectory="30e54e69-6a69-4094-89f3-37e5bdaebe77" />
    <UnitTestResult executionId="3e4b7c79-2932-40be-a5f7-90a6ea50f94d" testId="5f6764fd-bbec-ab30-f216-a6751ef4935f" testName="StressTests.Issues.RavenDB_12151.IndexingWhenScratchSpaceLimitExceeded32" computerName="EAGLE-1" duration="00:00:02.7201074" startTime="2022-03-14T08:00:31.7083254+02:00" endTime="2022-03-14T08:00:31.7083273+02:00" testType="13cdc9d9-ddb5-4fa4-a97d-d965ccfc6d4b" outcome="Passed" testListId="8c84fa94-04c1-424b-9868-57a2d4851a1d" relativeResultsDirectory="3e4b7c79-2932-40be-a5f7-90a6ea50f94d" />
    <UnitTestResult executionId="bfa00360-fa39-429f-90d7-c7ac1c88a199" testId="3893e3c4-9887-ddab-e877-976fde50bec2" testName="StressTests.Issues.RavenDB_14744.LoadingIdleDatabaseShouldNotMoveToRehab" computerName="EAGLE-1" duration="00:00:19.9074570" startTime="2022-03-14T07:56:35.5855927+02:00" endTime="2022-03-14T07:56:35.5855928+02:00" testType="13cdc9d9-ddb5-4fa4-a97d-d965ccfc6d4b" outcome="Passed" testListId="8c84fa94-04c1-424b-9868-57a2d4851a1d" relativeResultsDirectory="bfa00360-fa39-429f-90d7-c7ac1c88a199" />
    <UnitTestResult executionId="b22157ac-9ca8-4a2c-8522-7dd488c01fb9" testId="67cad4ba-3eb2-c45d-e463-f853ce1f8ace" testName="StressTests.Issues.FilteredReplicationTestsStress.Sinks_should_not_update_hubs_change_vector_with_conflicts" computerName="EAGLE-1" duration="00:00:15.3177546" startTime="2022-03-14T07:59:15.7664724+02:00" endTime="2022-03-14T07:59:15.7664725+02:00" testType="13cdc9d9-ddb5-4fa4-a97d-d965ccfc6d4b" outcome="Passed" testListId="8c84fa94-04c1-424b-9868-57a2d4851a1d" relativeResultsDirectory="b22157ac-9ca8-4a2c-8522-7dd488c01fb9" />
    <UnitTestResult executionId="74fc7cae-02a1-49b2-ac99-5326e61f9ab1" testId="fa023625-6712-2a16-bd97-233d593178ce" testName="StressTests.Client.Attachments.AttachmentsSessionStress.PutLotOfAttachmentsAsync(count: 10000)" computerName="EAGLE-1" duration="00:00:01.3884261" startTime="2022-03-14T08:00:37.5409868+02:00" endTime="2022-03-14T08:00:37.5409868+02:00" testType="13cdc9d9-ddb5-4fa4-a97d-d965ccfc6d4b" outcome="Passed" testListId="8c84fa94-04c1-424b-9868-57a2d4851a1d" relativeResultsDirectory="74fc7cae-02a1-49b2-ac99-5326e61f9ab1" />
    <UnitTestResult executionId="1e036ef2-deff-42ea-b5fb-d760ab897662" testId="0a98fe4e-c638-ab29-6ed6-9ee44591005e" testName="StressTests.Client.Attachments.AttachmentsSessionStress.PutLotOfAttachmentsAsync(count: 1000)" computerName="EAGLE-1" duration="00:00:00.1818922" startTime="2022-03-14T08:00:36.1520966+02:00" endTime="2022-03-14T08:00:36.1520966+02:00" testType="13cdc9d9-ddb5-4fa4-a97d-d965ccfc6d4b" outcome="Passed" testListId="8c84fa94-04c1-424b-9868-57a2d4851a1d" relativeResultsDirectory="1e036ef2-deff-42ea-b5fb-d760ab897662" />
    <UnitTestResult executionId="825fc934-83ed-4e5a-abe0-e36dad65ce1c" testId="85cdac7c-d579-824c-fcee-969b27b2bc94" testName="StressTests.Issues.RavenDB_12151.IndexingWhenGlobalScratchSpaceLimitExceeded32" computerName="EAGLE-1" duration="00:00:02.8694977" startTime="2022-03-14T08:00:34.5781003+02:00" endTime="2022-03-14T08:00:34.5781005+02:00" testType="13cdc9d9-ddb5-4fa4-a97d-d965ccfc6d4b" outcome="Passed" testListId="8c84fa94-04c1-424b-9868-57a2d4851a1d" relativeResultsDirectory="825fc934-83ed-4e5a-abe0-e36dad65ce1c" />
    <UnitTestResult executionId="8034dea5-64a0-4934-8de6-a44ef35e43d9" testId="35f62089-0b73-7296-cafd-3b69b4e7c443" testName="StressTests.Issues.RavenDB_12151.IndexingWhenTransactionSizeLimitExceeded32" computerName="EAGLE-1" duration="00:00:02.3027740" startTime="2022-03-14T08:00:28.9880698+02:00" endTime="2022-03-14T08:00:28.9880699+02:00" testType="13cdc9d9-ddb5-4fa4-a97d-d965ccfc6d4b" outcome="Passed" testListId="8c84fa94-04c1-424b-9868-57a2d4851a1d" relativeResultsDirectory="8034dea5-64a0-4934-8de6-a44ef35e43d9" />
    <UnitTestResult executionId="6755b6c8-090b-49b7-990a-afadca9ed831" testId="f119b961-b58f-9c2b-ee30-5050ac9ab2b2" testName="StressTests.Issues.RavenDB_13528.Can_write_more_than_4GB_to_journal_file" computerName="EAGLE-1" duration="00:00:00.0010000" startTime="2022-03-14T07:59:54.0309732+02:00" endTime="2022-03-14T07:59:54.0309733+02:00" testType="13cdc9d9-ddb5-4fa4-a97d-d965ccfc6d4b" outcome="NotExecuted" testListId="8c84fa94-04c1-424b-9868-57a2d4851a1d" relativeResultsDirectory="6755b6c8-090b-49b7-990a-afadca9ed831">
      <Output>
        <StdOut>Test can be run only on 'All' (AllX64)</StdOut>
      </Output>
    </UnitTestResult>
    <UnitTestResult executionId="36c44f83-68a8-4e19-8cff-4ba010b16d03" testId="6a92533b-3390-d56e-5304-a15d01702f88" testName="StressTests.Issues.RavenDB_17340.SendingDocumentWithLargeFieldInBulkInsert_32bit(sizeInMb: 6)" computerName="EAGLE-1" duration="00:00:00.2008493" startTime="2022-03-14T08:00:46.5952167+02:00" endTime="2022-03-14T08:00:46.5952168+02:00" testType="13cdc9d9-ddb5-4fa4-a97d-d965ccfc6d4b" outcome="Passed" testListId="8c84fa94-04c1-424b-9868-57a2d4851a1d" relativeResultsDirectory="36c44f83-68a8-4e19-8cff-4ba010b16d03" />
    <UnitTestResult executionId="c29b3999-c9bb-4485-b9a1-b10b413c8388" testId="1baf18da-3ef8-ddb5-3839-08c1b2da0cbc" testName="StressTests.Issues.RavenDB_17296.Should_Not_Kill_Server_Because_Of_Insufficient_Execution_Stack" computerName="EAGLE-1" duration="00:00:00.0010000" startTime="2022-03-14T08:00:22.7727641+02:00" endTime="2022-03-14T08:00:22.7727642+02:00" testType="13cdc9d9-ddb5-4fa4-a97d-d965ccfc6d4b" outcome="NotExecuted" testListId="8c84fa94-04c1-424b-9868-57a2d4851a1d" relativeResultsDirectory="c29b3999-c9bb-4485-b9a1-b10b413c8388">
      <Output>
        <StdOut>Test can be run only on 'Windows' (AllX64)</StdOut>
      </Output>
    </UnitTestResult>
    <UnitTestResult executionId="9c919a0b-3fc0-41ca-af01-3b41a31b71fa" testId="1d1277b2-1426-eaf7-af96-2efba68416a8" testName="StressTests.Issues.RavenDB_15080.CountersSessionCacheShouldBeCaseInsensitiveToCounterName" computerName="EAGLE-1" duration="00:00:00.0597344" startTime="2022-03-14T08:00:13.9168170+02:00" endTime="2022-03-14T08:00:13.9168171+02:00" testType="13cdc9d9-ddb5-4fa4-a97d-d965ccfc6d4b" outcome="Passed" testListId="8c84fa94-04c1-424b-9868-57a2d4851a1d" relativeResultsDirectory="9c919a0b-3fc0-41ca-af01-3b41a31b71fa" />
    <UnitTestResult executionId="3bbec653-0bff-4ba8-98c5-b13a01b9c7d0" testId="8c3c5f78-2362-a9fe-aa08-b91aa9e6dedf" testName="StressTests.Issues.RavenDB_15080.CanSplitAndReplicateRandomCounterName" computerName="EAGLE-1" duration="00:00:16.2195389" startTime="2022-03-14T08:00:12.8953918+02:00" endTime="2022-03-14T08:00:12.8953919+02:00" testType="13cdc9d9-ddb5-4fa4-a97d-d965ccfc6d4b" outcome="Passed" testListId="8c84fa94-04c1-424b-9868-57a2d4851a1d" relativeResultsDirectory="3bbec653-0bff-4ba8-98c5-b13a01b9c7d0" />
    <UnitTestResult executionId="fc653b71-b7cf-4d27-8533-b901ae7e5394" testId="134b7d10-a287-c463-428f-24cb86722581" testName="StressTests.Issues.RavenDB_17340.SendingDocumentWithLargeFieldInBulkInsert" computerName="EAGLE-1" duration="00:00:00.0010000" startTime="2022-03-14T08:00:46.3940460+02:00" endTime="2022-03-14T08:00:46.3940461+02:00" testType="13cdc9d9-ddb5-4fa4-a97d-d965ccfc6d4b" outcome="NotExecuted" testListId="8c84fa94-04c1-424b-9868-57a2d4851a1d" relativeResultsDirectory="fc653b71-b7cf-4d27-8533-b901ae7e5394">
      <Output>
        <StdOut>Test can be run only on 'All' (AllX64)</StdOut>
      </Output>
    </UnitTestResult>
    <UnitTestResult executionId="2c236a51-8db2-4571-abfa-d95da780ad74" testId="5551f725-b7c7-cab6-7abf-e161808b308a" testName="StressTests.Issues.RavenDB_13861.BatchMemorySizeLimitationShouldBeExactIn32Bit" computerName="EAGLE-1" duration="00:00:03.3662635" startTime="2022-03-14T08:00:22.4175455+02:00" endTime="2022-03-14T08:00:22.4175456+02:00" testType="13cdc9d9-ddb5-4fa4-a97d-d965ccfc6d4b" outcome="Passed" testListId="8c84fa94-04c1-424b-9868-57a2d4851a1d" relativeResultsDirectory="2c236a51-8db2-4571-abfa-d95da780ad74" />
    <UnitTestResult executionId="1487926e-01f0-4699-b9a1-47030c8455a0" testId="4bff0f6a-01dc-91bb-930a-a279c7c26dcf" testName="StressTests.Issues.RavenDB_15780.SuccessRate_BloomFilters_1" computerName="EAGLE-1" duration="00:00:00.0010000" startTime="2022-03-14T07:56:15.5322523+02:00" endTime="2022-03-14T07:56:15.5322733+02:00" testType="13cdc9d9-ddb5-4fa4-a97d-d965ccfc6d4b" outcome="NotExecuted" testListId="8c84fa94-04c1-424b-9868-57a2d4851a1d" relativeResultsDirectory="1487926e-01f0-4699-b9a1-47030c8455a0">
      <Output>
        <StdOut>Test can be run only on 'All' (AllX64)</StdOut>
      </Output>
    </UnitTestResult>
    <UnitTestResult executionId="2b5e5628-f679-47d9-9ca3-bf5d0de5fd15" testId="94d5778a-f8c9-91a7-43b8-80297315f4fc" testName="StressTests.Issues.FilteredReplicationTestsStress.Sinks_should_not_update_hubs_change_vector_with_conflicts2" computerName="EAGLE-1" duration="00:00:15.3007849" startTime="2022-03-14T07:59:31.0681067+02:00" endTime="2022-03-14T07:59:31.0681068+02:00" testType="13cdc9d9-ddb5-4fa4-a97d-d965ccfc6d4b" outcome="Passed" testListId="8c84fa94-04c1-424b-9868-57a2d4851a1d" relativeResultsDirectory="2b5e5628-f679-47d9-9ca3-bf5d0de5fd15" />
    <UnitTestResult executionId="e903773a-eb80-4761-be7d-bed8d1c2aa23" testId="0173e6c1-f2f3-34b5-ad1c-1441756e22a1" testName="StressTests.Issues.RavenDB_15080.CanSplitLowerCasedAndUpperCasedCounterNames" computerName="EAGLE-1" duration="00:00:00.3083686" startTime="2022-03-14T07:59:56.6749611+02:00" endTime="2022-03-14T07:59:56.6749612+02:00" testType="13cdc9d9-ddb5-4fa4-a97d-d965ccfc6d4b" outcome="Passed" testListId="8c84fa94-04c1-424b-9868-57a2d4851a1d" relativeResultsDirectory="e903773a-eb80-4761-be7d-bed8d1c2aa23" />
    <UnitTestResult executionId="d4b7c8a5-867d-4ad7-985e-ac19343f93cc" testId="9c163107-4236-0c9a-2bdf-21b47250c461" testName="StressTests.Issues.RavenDB_15608.ArtificalDocumentsMatchIndexEntries" computerName="EAGLE-1" duration="00:01:10.0542224" startTime="2022-03-14T08:01:56.8669226+02:00" endTime="2022-03-14T08:01:56.8669227+02:00" testType="13cdc9d9-ddb5-4fa4-a97d-d965ccfc6d4b" outcome="Passed" testListId="8c84fa94-04c1-424b-9868-57a2d4851a1d" relativeResultsDirectory="d4b7c8a5-867d-4ad7-985e-ac19343f93cc" />
    <UnitTestResult executionId="c8c31a45-12a6-4345-9995-d94f6639b31e" testId="055abd3a-1ba1-7387-0c53-6d25ab721e1f" testName="StressTests.Client.Attachments.AttachmentsStreamStressFromSlow.CanGetListOfAttachmentsAndReadOrderedAsync(count: 10000, size: 1)" computerName="EAGLE-1" duration="00:00:02.1624087" startTime="2022-03-14T08:04:35.3584592+02:00" endTime="2022-03-14T08:04:35.3584593+02:00" testType="13cdc9d9-ddb5-4fa4-a97d-d965ccfc6d4b" outcome="Passed" testListId="8c84fa94-04c1-424b-9868-57a2d4851a1d" relativeResultsDirectory="c8c31a45-12a6-4345-9995-d94f6639b31e" />
    <UnitTestResult executionId="97799a23-26b0-4e44-8269-90dfbe38fa26" testId="f4fd9f84-2b2a-9e73-76e7-ad18becee6d0" testName="StressTests.Issues.RavenDB_15080.GetCountersForDocumentShouldReturnNamesInTheirOriginalCasing" computerName="EAGLE-1" duration="00:00:00.0550372" startTime="2022-03-14T08:00:13.7162572+02:00" endTime="2022-03-14T08:00:13.7162574+02:00" testType="13cdc9d9-ddb5-4fa4-a97d-d965ccfc6d4b" outcome="Passed" testListId="8c84fa94-04c1-424b-9868-57a2d4851a1d" relativeResultsDirectory="97799a23-26b0-4e44-8269-90dfbe38fa26" />
    <UnitTestResult executionId="911cd401-1b01-4f9a-9686-f88bf9d63d81" testId="2b790d24-3929-5d9e-6419-84c45109e085" testName="StressTests.Issues.RavenDB_15080.CanDeleteAndReInsertCounter" computerName="EAGLE-1" duration="00:00:00.0730992" startTime="2022-03-14T07:59:54.1880659+02:00" endTime="2022-03-14T07:59:54.1880660+02:00" testType="13cdc9d9-ddb5-4fa4-a97d-d965ccfc6d4b" outcome="Passed" testListId="8c84fa94-04c1-424b-9868-57a2d4851a1d" relativeResultsDirectory="911cd401-1b01-4f9a-9686-f88bf9d63d81" />
    <UnitTestResult executionId="590dc180-458b-4426-97dc-cd73973893ef" testId="c29f3afb-40e2-f326-337f-609b8732f31a" testName="StressTests.Issues.RavenDB_12151.IndexingWhenTransactionSizeLimitExceeded" computerName="EAGLE-1" duration="00:00:00.0010000" startTime="2022-03-14T08:00:26.6853352+02:00" endTime="2022-03-14T08:00:26.6853353+02:00" testType="13cdc9d9-ddb5-4fa4-a97d-d965ccfc6d4b" outcome="NotExecuted" testListId="8c84fa94-04c1-424b-9868-57a2d4851a1d" relativeResultsDirectory="590dc180-458b-4426-97dc-cd73973893ef">
      <Output>
        <StdOut>Test can be run only on 'All' (AllX64)</StdOut>
      </Output>
    </UnitTestResult>
    <UnitTestResult executionId="f21e9c8e-323f-4799-acc7-870d3f57b005" testId="da308585-48f5-9b2e-0dc0-ab1059d18967" testName="StressTests.Issues.RavenDB_13861.BatchMemorySizeLimitationShouldBeExactInEncryptedModeIn32Bit" computerName="EAGLE-1" duration="00:00:05.1330368" startTime="2022-03-14T08:00:19.0506587+02:00" endTime="2022-03-14T08:00:19.0506587+02:00" testType="13cdc9d9-ddb5-4fa4-a97d-d965ccfc6d4b" outcome="Passed" testListId="8c84fa94-04c1-424b-9868-57a2d4851a1d" relativeResultsDirectory="f21e9c8e-323f-4799-acc7-870d3f57b005" />
    <UnitTestResult executionId="f69e3458-c39b-494b-afc5-a64f93ea3419" testId="380d3574-8ffd-9ea4-dc1a-b32fea246287" testName="StressTests.Issues.RavenDB_15080.SplitCounterShouldRemoveUnusedEntries" computerName="EAGLE-1" duration="00:00:02.1774779" startTime="2022-03-14T07:59:56.3660696+02:00" endTime="2022-03-14T07:59:56.3660697+02:00" testType="13cdc9d9-ddb5-4fa4-a97d-d965ccfc6d4b" outcome="Passed" testListId="8c84fa94-04c1-424b-9868-57a2d4851a1d" relativeResultsDirectory="f69e3458-c39b-494b-afc5-a64f93ea3419" />
    <UnitTestResult executionId="3711080e-73a1-464e-946b-a1f0c49d1866" testId="39cdbb5b-b76c-8eca-1f3a-bf986afd331f" testName="StressTests.Issues.RavenDB_15080.DeletedCounterShouldNotBePresentInMetadataCounters" computerName="EAGLE-1" duration="00:00:00.0839526" startTime="2022-03-14T07:59:54.1148832+02:00" endTime="2022-03-14T07:59:54.1148833+02:00" testType="13cdc9d9-ddb5-4fa4-a97d-d965ccfc6d4b" outcome="Passed" testListId="8c84fa94-04c1-424b-9868-57a2d4851a1d" relativeResultsDirectory="3711080e-73a1-464e-946b-a1f0c49d1866" />
    <UnitTestResult executionId="43682a21-f528-46b0-81b5-52d77e1f18ce" testId="172c81d8-1ac1-d477-31f3-36cc32965684" testName="StressTests.Issues.RavenDB_15145.PullReplicationWithoutPrivateKey" computerName="EAGLE-1" duration="00:00:32.9047855" startTime="2022-03-14T08:04:33.1953243+02:00" endTime="2022-03-14T08:04:33.1953244+02:00" testType="13cdc9d9-ddb5-4fa4-a97d-d965ccfc6d4b" outcome="Passed" testListId="8c84fa94-04c1-424b-9868-57a2d4851a1d" relativeResultsDirectory="43682a21-f528-46b0-81b5-52d77e1f18ce" />
    <UnitTestResult executionId="0d7a737f-155d-45b6-bad3-1e378a841d4d" testId="cc9e1c8d-caf1-b5ee-25af-807d054f9014" testName="StressTests.Issues.RavenDB_15780.BloomFilter_Version" computerName="EAGLE-1" duration="00:00:00.1424089" startTime="2022-03-14T07:56:15.6707577+02:00" endTime="2022-03-14T07:56:15.6707578+02:00" testType="13cdc9d9-ddb5-4fa4-a97d-d965ccfc6d4b" outcome="Passed" testListId="8c84fa94-04c1-424b-9868-57a2d4851a1d" relativeResultsDirectory="0d7a737f-155d-45b6-bad3-1e378a841d4d" />
    <UnitTestResult executionId="8875121e-19aa-4c62-8854-9daa89b6f444" testId="8df70892-4b75-fd3d-0e8e-76c7df387562" testName="StressTests.Client.Attachments.AttachmentsSessionStress.StressPutLotOfAttachmentsAsync" computerName="EAGLE-1" duration="00:00:00.0010000" startTime="2022-03-14T08:00:37.5411436+02:00" endTime="2022-03-14T08:00:37.5411437+02:00" testType="13cdc9d9-ddb5-4fa4-a97d-d965ccfc6d4b" outcome="NotExecuted" testListId="8c84fa94-04c1-424b-9868-57a2d4851a1d" relativeResultsDirectory="8875121e-19aa-4c62-8854-9daa89b6f444">
      <Output>
        <StdOut>Test can be run only on 'All' (AllX64)</StdOut>
      </Output>
    </UnitTestResult>
    <UnitTestResult executionId="f46d708c-6dbf-4d3a-b312-7903da6dfb7c" testId="e5c35a17-5dc3-dd27-d005-f5617a8f0a99" testName="StressTests.Issues.RavenDB_15080.CounterOperationsShouldBeCaseInsensitiveToCounterName" computerName="EAGLE-1" duration="00:00:00.0729194" startTime="2022-03-14T08:00:13.8569944+02:00" endTime="2022-03-14T08:00:13.8569945+02:00" testType="13cdc9d9-ddb5-4fa4-a97d-d965ccfc6d4b" outcome="Passed" testListId="8c84fa94-04c1-424b-9868-57a2d4851a1d" relativeResultsDirectory="f46d708c-6dbf-4d3a-b312-7903da6dfb7c" />
    <UnitTestResult executionId="360c3145-793e-46db-8c1b-66094a07cc04" testId="f60b2113-1782-d503-a122-d58319d1fe72" testName="StressTests.Issues.RavenDB_14292.ServerWideBackupShouldBackupIdleDatabase(rounds: 1)" computerName="EAGLE-1" duration="00:02:03.4200841" startTime="2022-03-14T08:04:00.2896464+02:00" endTime="2022-03-14T08:04:00.2896465+02:00" testType="13cdc9d9-ddb5-4fa4-a97d-d965ccfc6d4b" outcome="Passed" testListId="8c84fa94-04c1-424b-9868-57a2d4851a1d" relativeResultsDirectory="360c3145-793e-46db-8c1b-66094a07cc04" />
    <UnitTestResult executionId="b51818c6-937b-4f49-b465-48764feb7a32" testId="968faf47-c533-f67b-ef4d-09667731e43a" testName="StressTests.Client.Attachments.AttachmentsSessionStress.StressPutLotOfAttachmentsAsync32(count: 10000)" computerName="EAGLE-1" duration="00:00:01.3905017" startTime="2022-03-14T08:00:35.9696431+02:00" endTime="2022-03-14T08:00:35.9696442+02:00" testType="13cdc9d9-ddb5-4fa4-a97d-d965ccfc6d4b" outcome="Passed" testListId="8c84fa94-04c1-424b-9868-57a2d4851a1d" relativeResultsDirectory="b51818c6-937b-4f49-b465-48764feb7a32" />
    <UnitTestResult executionId="332e3161-09a1-44f6-9d44-aaca0fdbcf02" testId="dc1c313c-75f8-2b38-05cd-702d68c56c1b" testName="StressTests.Issues.RavenDB_12151.IndexingWhenEncryptedTransactionSizeLimitLimitExceeded" computerName="EAGLE-1" duration="00:00:03.9120977" startTime="2022-03-14T08:00:26.6850400+02:00" endTime="2022-03-14T08:00:26.6850414+02:00" testType="13cdc9d9-ddb5-4fa4-a97d-d965ccfc6d4b" outcome="Passed" testListId="8c84fa94-04c1-424b-9868-57a2d4851a1d" relativeResultsDirectory="332e3161-09a1-44f6-9d44-aaca0fdbcf02" />
    <UnitTestResult executionId="f8862dc7-2770-4561-a0ec-77965b630327" testId="2eea77a7-e763-9c08-60c9-0bec3f11f365" testName="StressTests.Client.Attachments.AttachmentsStreamStressFromSlow.CanGetListOfAttachmentsAndReadOrderedAsync(count: 1000, size: 32768)" computerName="EAGLE-1" duration="00:00:01.6191005" startTime="2022-03-14T08:04:36.9780315+02:00" endTime="2022-03-14T08:04:36.9780316+02:00" testType="13cdc9d9-ddb5-4fa4-a97d-d965ccfc6d4b" outcome="Passed" testListId="8c84fa94-04c1-424b-9868-57a2d4851a1d" relativeResultsDirectory="f8862dc7-2770-4561-a0ec-77965b630327" />
    <UnitTestResult executionId="b9c6bf67-2509-4918-a969-d22c4374476a" testId="b9d8a4fe-b910-16a4-d99b-6db3817afc78" testName="StressTests.Issues.RavenDB_17340.SendingDocumentWithLargeFieldInBulkInsert_32bit(sizeInMb: 10)" computerName="EAGLE-1" duration="00:00:00.2150598" startTime="2022-03-14T08:00:46.8107891+02:00" endTime="2022-03-14T08:00:46.8107892+02:00" testType="13cdc9d9-ddb5-4fa4-a97d-d965ccfc6d4b" outcome="Passed" testListId="8c84fa94-04c1-424b-9868-57a2d4851a1d" relativeResultsDirectory="b9c6bf67-2509-4918-a969-d22c4374476a" />
    <UnitTestResult executionId="0615702b-3425-450b-beb5-c16a6b6dcff6" testId="2119438c-0efe-4635-71a4-280861a3e7ae" testName="StressTests.Issues.RavenDB_15080.ExportAndImportCountersShouldKeepOriginalCasing" computerName="EAGLE-1" duration="00:00:00.7651405" startTime="2022-03-14T08:00:13.6610831+02:00" endTime="2022-03-14T08:00:13.6610832+02:00" testType="13cdc9d9-ddb5-4fa4-a97d-d965ccfc6d4b" outcome="Passed" testListId="8c84fa94-04c1-424b-9868-57a2d4851a1d" relativeResultsDirectory="0615702b-3425-450b-beb5-c16a6b6dcff6" />
    <UnitTestResult executionId="c006e054-2cc0-45a6-8e02-0b7953fa28a2" testId="47d9960d-9f6e-8703-6774-ee4d9a5fbfad" testName="StressTests.Issues.RavenDB_12151.IndexingWhenGlobalScratchSpaceLimitExceeded" computerName="EAGLE-1" duration="00:00:00.0010000" startTime="2022-03-14T08:00:22.7728342+02:00" endTime="2022-03-14T08:00:22.7728342+02:00" testType="13cdc9d9-ddb5-4fa4-a97d-d965ccfc6d4b" outcome="NotExecuted" testListId="8c84fa94-04c1-424b-9868-57a2d4851a1d" relativeResultsDirectory="c006e054-2cc0-45a6-8e02-0b7953fa28a2">
      <Output>
        <StdOut>Test can be run only on 'All' (AllX64)</StdOut>
      </Output>
    </UnitTestResult>
  </Results>
  <TestDefinitions>
    <UnitTest name="StressTests.Issues.RavenDB_13861.BatchMemorySizeLimitationShouldBeExactIn32Bit" storage="c:\jenkins\workspace\testsv53_winx86_debug\s\test\stresstests\bin\debug\net6.0\stresstests.dll" id="5551f725-b7c7-cab6-7abf-e161808b308a">
      <Execution id="2c236a51-8db2-4571-abfa-d95da780ad74" />
      <TestMethod codeBase="C:\Jenkins\workspace\Testsv53_Winx86_Debug\s\test\StressTests\bin\Debug\net6.0\StressTests.dll" adapterTypeName="executor://xunit/VsTestRunner2/netcoreapp" className="StressTests.Issues.RavenDB_13861" name="BatchMemorySizeLimitationShouldBeExactIn32Bit" />
    </UnitTest>
    <UnitTest name="StressTests.Issues.RavenDB_15780.SuccessRate_BloomFilters_2" storage="c:\jenkins\workspace\testsv53_winx86_debug\s\test\stresstests\bin\debug\net6.0\stresstests.dll" id="dfcf9176-a113-b74c-7ffb-4adb5ddcb814">
      <Execution id="ce939729-86c3-413a-9dbf-43b657adfa4c" />
      <TestMethod codeBase="C:\Jenkins\workspace\Testsv53_Winx86_Debug\s\test\StressTests\bin\Debug\net6.0\StressTests.dll" adapterTypeName="executor://xunit/VsTestRunner2/netcoreapp" className="StressTests.Issues.RavenDB_15780" name="SuccessRate_BloomFilters_2" />
    </UnitTest>
    <UnitTest name="StressTests.Issues.RavenDB_14464.CanUseChangesApiAndToggleServer" storage="c:\jenkins\workspace\testsv53_winx86_debug\s\test\stresstests\bin\debug\net6.0\stresstests.dll" id="49eeb04f-559b-dbb4-594b-a9277c5578bb">
      <Execution id="fc29bf6f-1a61-4565-9b19-13d4d39f6b20" />
      <TestMethod codeBase="C:\Jenkins\workspace\Testsv53_Winx86_Debug\s\test\StressTests\bin\Debug\net6.0\StressTests.dll" adapterTypeName="executor://xunit/VsTestRunner2/netcoreapp" className="StressTests.Issues.RavenDB_14464" name="CanUseChangesApiAndToggleServer" />
    </UnitTest>
    <UnitTest name="StressTests.Client.Attachments.AttachmentsStreamStressFromSlow.CanGetListOfAttachmentsAndReadOrderedAsync(count: 10000, size: 1)" storage="c:\jenkins\workspace\testsv53_winx86_debug\s\test\stresstests\bin\debug\net6.0\stresstests.dll" id="055abd3a-1ba1-7387-0c53-6d25ab721e1f">
      <Execution id="c8c31a45-12a6-4345-9995-d94f6639b31e" />
      <TestMethod codeBase="C:\Jenkins\workspace\Testsv53_Winx86_Debug\s\test\StressTests\bin\Debug\net6.0\StressTests.dll" adapterTypeName="executor://xunit/VsTestRunner2/netcoreapp" className="StressTests.Client.Attachments.AttachmentsStreamStressFromSlow" name="CanGetListOfAttachmentsAndReadOrderedAsync" />
    </UnitTest>
    <UnitTest name="StressTests.Issues.RavenDB_12151.IndexingWhenTransactionSizeLimitExceeded" storage="c:\jenkins\workspace\testsv53_winx86_debug\s\test\stresstests\bin\debug\net6.0\stresstests.dll" id="c29f3afb-40e2-f326-337f-609b8732f31a">
      <Execution id="590dc180-458b-4426-97dc-cd73973893ef" />
      <TestMethod codeBase="C:\Jenkins\workspace\Testsv53_Winx86_Debug\s\test\StressTests\bin\Debug\net6.0\StressTests.dll" adapterTypeName="executor://xunit/VsTestRunner2/netcoreapp" className="StressTests.Issues.RavenDB_12151" name="IndexingWhenTransactionSizeLimitExceeded" />
    </UnitTest>
    <UnitTest name="StressTests.Issues.RavenDB_12151.IndexingWhenScratchSpaceLimitExceeded32" storage="c:\jenkins\workspace\testsv53_winx86_debug\s\test\stresstests\bin\debug\net6.0\stresstests.dll" id="5f6764fd-bbec-ab30-f216-a6751ef4935f">
      <Execution id="3e4b7c79-2932-40be-a5f7-90a6ea50f94d" />
      <TestMethod codeBase="C:\Jenkins\workspace\Testsv53_Winx86_Debug\s\test\StressTests\bin\Debug\net6.0\StressTests.dll" adapterTypeName="executor://xunit/VsTestRunner2/netcoreapp" className="StressTests.Issues.RavenDB_12151" name="IndexingWhenScratchSpaceLimitExceeded32" />
    </UnitTest>
    <UnitTest name="StressTests.Issues.RavenDB_15780.BloomFilter_Version" storage="c:\jenkins\workspace\testsv53_winx86_debug\s\test\stresstests\bin\debug\net6.0\stresstests.dll" id="cc9e1c8d-caf1-b5ee-25af-807d054f9014">
      <Execution id="0d7a737f-155d-45b6-bad3-1e378a841d4d" />
      <TestMethod codeBase="C:\Jenkins\workspace\Testsv53_Winx86_Debug\s\test\StressTests\bin\Debug\net6.0\StressTests.dll" adapterTypeName="executor://xunit/VsTestRunner2/netcoreapp" className="StressTests.Issues.RavenDB_15780" name="BloomFilter_Version" />
    </UnitTest>
    <UnitTest name="StressTests.Issues.RavenDB_13987.DatabaseWithBackupTaskShouldNotGetIdleBeforeBackupOccurrence" storage="c:\jenkins\workspace\testsv53_winx86_debug\s\test\stresstests\bin\debug\net6.0\stresstests.dll" id="ee259392-c190-a7e5-f0b6-80196ad6fcf6">
      <Execution id="bbecc184-049c-47f6-844f-a4c89a194e8a" />
      <TestMethod codeBase="C:\Jenkins\workspace\Testsv53_Winx86_Debug\s\test\StressTests\bin\Debug\net6.0\StressTests.dll" adapterTypeName="executor://xunit/VsTestRunner2/netcoreapp" className="StressTests.Issues.RavenDB_13987" name="DatabaseWithBackupTaskShouldNotGetIdleBeforeBackupOccurrence" />
    </UnitTest>
    <UnitTest name="StressTests.Issues.RavenDB_15080.CountersShouldBeCaseInsensitive" storage="c:\jenkins\workspace\testsv53_winx86_debug\s\test\stresstests\bin\debug\net6.0\stresstests.dll" id="fad8833f-52c0-9aa0-a819-ef47f78319ad">
      <Execution id="16cab836-c2cc-429c-a351-26c5ce17add3" />
      <TestMethod codeBase="C:\Jenkins\workspace\Testsv53_Winx86_Debug\s\test\StressTests\bin\Debug\net6.0\StressTests.dll" adapterTypeName="executor://xunit/VsTestRunner2/netcoreapp" className="StressTests.Issues.RavenDB_15080" name="CountersShouldBeCaseInsensitive" />
    </UnitTest>
    <UnitTest name="StressTests.Issues.RavenDB_15080.CanDeleteAndReInsertCounter" storage="c:\jenkins\workspace\testsv53_winx86_debug\s\test\stresstests\bin\debug\net6.0\stresstests.dll" id="2b790d24-3929-5d9e-6419-84c45109e085">
      <Execution id="911cd401-1b01-4f9a-9686-f88bf9d63d81" />
      <TestMethod codeBase="C:\Jenkins\workspace\Testsv53_Winx86_Debug\s\test\StressTests\bin\Debug\net6.0\StressTests.dll" adapterTypeName="executor://xunit/VsTestRunner2/netcoreapp" className="StressTests.Issues.RavenDB_15080" name="CanDeleteAndReInsertCounter" />
    </UnitTest>
    <UnitTest name="StressTests.Issues.RavenDB_5763.Should_not_throw_timeout_and_out_of_memory" storage="c:\jenkins\workspace\testsv53_winx86_debug\s\test\stresstests\bin\debug\net6.0\stresstests.dll" id="46ca3e75-60ac-bf4b-f151-ac54416557c6">
      <Execution id="6e12ecba-9e9b-4f97-8786-a0002d9633a8" />
      <TestMethod codeBase="C:\Jenkins\workspace\Testsv53_Winx86_Debug\s\test\StressTests\bin\Debug\net6.0\StressTests.dll" adapterTypeName="executor://xunit/VsTestRunner2/netcoreapp" className="StressTests.Issues.RavenDB_5763" name="Should_not_throw_timeout_and_out_of_memory" />
    </UnitTest>
    <UnitTest name="StressTests.Issues.RavenDB_13528.Can_write_more_than_4GB_to_journal_file" storage="c:\jenkins\workspace\testsv53_winx86_debug\s\test\stresstests\bin\debug\net6.0\stresstests.dll" id="f119b961-b58f-9c2b-ee30-5050ac9ab2b2">
      <Execution id="6755b6c8-090b-49b7-990a-afadca9ed831" />
      <TestMethod codeBase="C:\Jenkins\workspace\Testsv53_Winx86_Debug\s\test\StressTests\bin\Debug\net6.0\StressTests.dll" adapterTypeName="executor://xunit/VsTestRunner2/netcoreapp" className="StressTests.Issues.RavenDB_13528" name="Can_write_more_than_4GB_to_journal_file" />
    </UnitTest>
    <UnitTest name="StressTests.Issues.RavenDB_13861.BatchMemorySizeLimitationShouldBeExactInEncryptedModeIn64Bit" storage="c:\jenkins\workspace\testsv53_winx86_debug\s\test\stresstests\bin\debug\net6.0\stresstests.dll" id="d5b274e5-9075-02dc-a2c4-b1fc1644b2ff">
      <Execution id="c64a60bb-0e2a-43b1-a200-7605937d12d7" />
      <TestMethod codeBase="C:\Jenkins\workspace\Testsv53_Winx86_Debug\s\test\StressTests\bin\Debug\net6.0\StressTests.dll" adapterTypeName="executor://xunit/VsTestRunner2/netcoreapp" className="StressTests.Issues.RavenDB_13861" name="BatchMemorySizeLimitationShouldBeExactInEncryptedModeIn64Bit" />
    </UnitTest>
    <UnitTest name="StressTests.Issues.FilteredReplicationTestsStress.Sinks_should_not_update_hubs_change_vector_with_conflicts2" storage="c:\jenkins\workspace\testsv53_winx86_debug\s\test\stresstests\bin\debug\net6.0\stresstests.dll" id="94d5778a-f8c9-91a7-43b8-80297315f4fc">
      <Execution id="2b5e5628-f679-47d9-9ca3-bf5d0de5fd15" />
      <TestMethod codeBase="C:\Jenkins\workspace\Testsv53_Winx86_Debug\s\test\StressTests\bin\Debug\net6.0\StressTests.dll" adapterTypeName="executor://xunit/VsTestRunner2/netcoreapp" className="StressTests.Issues.FilteredReplicationTestsStress" name="Sinks_should_not_update_hubs_change_vector_with_conflicts2" />
    </UnitTest>
    <UnitTest name="StressTests.Issues.RavenDB_12151.IndexingWhenScratchSpaceLimitExceeded" storage="c:\jenkins\workspace\testsv53_winx86_debug\s\test\stresstests\bin\debug\net6.0\stresstests.dll" id="fe177f54-d8d1-fe5a-9f44-b225cfc4e3a8">
      <Execution id="df1ebb5f-3c46-4968-9e27-aa86d57b0f11" />
      <TestMethod codeBase="C:\Jenkins\workspace\Testsv53_Winx86_Debug\s\test\StressTests\bin\Debug\net6.0\StressTests.dll" adapterTypeName="executor://xunit/VsTestRunner2/netcoreapp" className="StressTests.Issues.RavenDB_12151" name="IndexingWhenScratchSpaceLimitExceeded" />
    </UnitTest>
    <UnitTest name="StressTests.Issues.RavenDB_15780.SuccessRate_BloomFilters_1" storage="c:\jenkins\workspace\testsv53_winx86_debug\s\test\stresstests\bin\debug\net6.0\stresstests.dll" id="4bff0f6a-01dc-91bb-930a-a279c7c26dcf">
      <Execution id="1487926e-01f0-4699-b9a1-47030c8455a0" />
      <TestMethod codeBase="C:\Jenkins\workspace\Testsv53_Winx86_Debug\s\test\StressTests\bin\Debug\net6.0\StressTests.dll" adapterTypeName="executor://xunit/VsTestRunner2/netcoreapp" className="StressTests.Issues.RavenDB_15780" name="SuccessRate_BloomFilters_1" />
    </UnitTest>
    <UnitTest name="StressTests.Issues.RavenDB_14744.LoadingIdleDatabaseShouldNotMoveToRehab" storage="c:\jenkins\workspace\testsv53_winx86_debug\s\test\stresstests\bin\debug\net6.0\stresstests.dll" id="3893e3c4-9887-ddab-e877-976fde50bec2">
      <Execution id="bfa00360-fa39-429f-90d7-c7ac1c88a199" />
      <TestMethod codeBase="C:\Jenkins\workspace\Testsv53_Winx86_Debug\s\test\StressTests\bin\Debug\net6.0\StressTests.dll" adapterTypeName="executor://xunit/VsTestRunner2/netcoreapp" className="StressTests.Issues.RavenDB_14744" name="LoadingIdleDatabaseShouldNotMoveToRehab" />
    </UnitTest>
    <UnitTest name="StressTests.Issues.RavenDB_15780.SuccessRate_BloomFilters_3" storage="c:\jenkins\workspace\testsv53_winx86_debug\s\test\stresstests\bin\debug\net6.0\stresstests.dll" id="98f0edae-f8eb-5957-cbae-cee5439fc509">
      <Execution id="176ea147-ccd6-4e81-b84b-ffd979f6ae73" />
      <TestMethod codeBase="C:\Jenkins\workspace\Testsv53_Winx86_Debug\s\test\StressTests\bin\Debug\net6.0\StressTests.dll" adapterTypeName="executor://xunit/VsTestRunner2/netcoreapp" className="StressTests.Issues.RavenDB_15780" name="SuccessRate_BloomFilters_3" />
    </UnitTest>
    <UnitTest name="StressTests.Client.Attachments.AttachmentsSessionStress.StressPutLotOfAttachmentsAsync" storage="c:\jenkins\workspace\testsv53_winx86_debug\s\test\stresstests\bin\debug\net6.0\stresstests.dll" id="8df70892-4b75-fd3d-0e8e-76c7df387562">
      <Execution id="8875121e-19aa-4c62-8854-9daa89b6f444" />
      <TestMethod codeBase="C:\Jenkins\workspace\Testsv53_Winx86_Debug\s\test\StressTests\bin\Debug\net6.0\StressTests.dll" adapterTypeName="executor://xunit/VsTestRunner2/netcoreapp" className="StressTests.Client.Attachments.AttachmentsSessionStress" name="StressPutLotOfAttachmentsAsync" />
    </UnitTest>
    <UnitTest name="StressTests.Issues.RavenDB_15080.DeletedCounterShouldNotBePresentInMetadataCounters" storage="c:\jenkins\workspace\testsv53_winx86_debug\s\test\stresstests\bin\debug\net6.0\stresstests.dll" id="39cdbb5b-b76c-8eca-1f3a-bf986afd331f">
      <Execution id="3711080e-73a1-464e-946b-a1f0c49d1866" />
      <TestMethod codeBase="C:\Jenkins\workspace\Testsv53_Winx86_Debug\s\test\StressTests\bin\Debug\net6.0\StressTests.dll" adapterTypeName="executor://xunit/VsTestRunner2/netcoreapp" className="StressTests.Issues.RavenDB_15080" name="DeletedCounterShouldNotBePresentInMetadataCounters" />
    </UnitTest>
    <UnitTest name="StressTests.Issues.RavenDB_12151.IndexingWhenEncryptedTransactionSizeLimitLimitExceeded" storage="c:\jenkins\workspace\testsv53_winx86_debug\s\test\stresstests\bin\debug\net6.0\stresstests.dll" id="dc1c313c-75f8-2b38-05cd-702d68c56c1b">
      <Execution id="332e3161-09a1-44f6-9d44-aaca0fdbcf02" />
      <TestMethod codeBase="C:\Jenkins\workspace\Testsv53_Winx86_Debug\s\test\StressTests\bin\Debug\net6.0\StressTests.dll" adapterTypeName="executor://xunit/VsTestRunner2/netcoreapp" className="StressTests.Issues.RavenDB_12151" name="IndexingWhenEncryptedTransactionSizeLimitLimitExceeded" />
    </UnitTest>
    <UnitTest name="StressTests.Issues.RavenDB_17296.Should_Not_Kill_Server_Because_Of_Insufficient_Execution_Stack" storage="c:\jenkins\workspace\testsv53_winx86_debug\s\test\stresstests\bin\debug\net6.0\stresstests.dll" id="1baf18da-3ef8-ddb5-3839-08c1b2da0cbc">
      <Execution id="c29b3999-c9bb-4485-b9a1-b10b413c8388" />
      <TestMethod codeBase="C:\Jenkins\workspace\Testsv53_Winx86_Debug\s\test\StressTests\bin\Debug\net6.0\StressTests.dll" adapterTypeName="executor://xunit/VsTestRunner2/netcoreapp" className="StressTests.Issues.RavenDB_17296" name="Should_Not_Kill_Server_Because_Of_Insufficient_Execution_Stack" />
    </UnitTest>
    <UnitTest name="StressTests.Issues.RavenDB_12151.IndexingWhenGlobalScratchSpaceLimitExceeded" storage="c:\jenkins\workspace\testsv53_winx86_debug\s\test\stresstests\bin\debug\net6.0\stresstests.dll" id="47d9960d-9f6e-8703-6774-ee4d9a5fbfad">
      <Execution id="c006e054-2cc0-45a6-8e02-0b7953fa28a2" />
      <TestMethod codeBase="C:\Jenkins\workspace\Testsv53_Winx86_Debug\s\test\StressTests\bin\Debug\net6.0\StressTests.dll" adapterTypeName="executor://xunit/VsTestRunner2/netcoreapp" className="StressTests.Issues.RavenDB_12151" name="IndexingWhenGlobalScratchSpaceLimitExceeded" />
    </UnitTest>
    <UnitTest name="StressTests.Issues.RavenDB_16934.Should_Delete_All_Documents_Without_Timeout" storage="c:\jenkins\workspace\testsv53_winx86_debug\s\test\stresstests\bin\debug\net6.0\stresstests.dll" id="70ecf74d-a259-b420-0f00-62ea4b05c9ca">
      <Execution id="6b40ec88-7639-4f98-b8c2-81253ddbc1b5" />
      <TestMethod codeBase="C:\Jenkins\workspace\Testsv53_Winx86_Debug\s\test\StressTests\bin\Debug\net6.0\StressTests.dll" adapterTypeName="executor://xunit/VsTestRunner2/netcoreapp" className="StressTests.Issues.RavenDB_16934" name="Should_Delete_All_Documents_Without_Timeout" />
    </UnitTest>
    <UnitTest name="StressTests.Issues.FilteredReplicationTestsStress.Sinks_should_not_update_hubs_change_vector_with_conflicts" storage="c:\jenkins\workspace\testsv53_winx86_debug\s\test\stresstests\bin\debug\net6.0\stresstests.dll" id="67cad4ba-3eb2-c45d-e463-f853ce1f8ace">
      <Execution id="b22157ac-9ca8-4a2c-8522-7dd488c01fb9" />
      <TestMethod codeBase="C:\Jenkins\workspace\Testsv53_Winx86_Debug\s\test\StressTests\bin\Debug\net6.0\StressTests.dll" adapterTypeName="executor://xunit/VsTestRunner2/netcoreapp" className="StressTests.Issues.FilteredReplicationTestsStress" name="Sinks_should_not_update_hubs_change_vector_with_conflicts" />
    </UnitTest>
    <UnitTest name="StressTests.Utils.ChunkedMmapStreamStressTests.Can_seek_and_read_from_chunked_mmap_file(totalSize: 131089, chunkSize: 64, seed: 41630681)" storage="c:\jenkins\workspace\testsv53_winx86_debug\s\test\stresstests\bin\debug\net6.0\stresstests.dll" id="cc97f8b2-a5c9-bf1f-c3e8-4ce8e2e0c58c">
      <Execution id="30e54e69-6a69-4094-89f3-37e5bdaebe77" />
      <TestMethod codeBase="C:\Jenkins\workspace\Testsv53_Winx86_Debug\s\test\StressTests\bin\Debug\net6.0\StressTests.dll" adapterTypeName="executor://xunit/VsTestRunner2/netcoreapp" className="StressTests.Utils.ChunkedMmapStreamStressTests" name="Can_seek_and_read_from_chunked_mmap_file" />
    </UnitTest>
    <UnitTest name="StressTests.Client.Attachments.AttachmentsSessionAsyncStress.PutLotOfAttachments32(count: 50000)" storage="c:\jenkins\workspace\testsv53_winx86_debug\s\test\stresstests\bin\debug\net6.0\stresstests.dll" id="39540871-45a4-183d-d444-3ec08140c461">
      <Execution id="f500f8bd-3586-4239-8011-15c481af7cc8" />
      <TestMethod codeBase="C:\Jenkins\workspace\Testsv53_Winx86_Debug\s\test\StressTests\bin\Debug\net6.0\StressTests.dll" adapterTypeName="executor://xunit/VsTestRunner2/netcoreapp" className="StressTests.Client.Attachments.AttachmentsSessionAsyncStress" name="PutLotOfAttachments32" />
    </UnitTest>
    <UnitTest name="StressTests.Issues.RavenDB_13861.BatchMemorySizeLimitationShouldBeExactIn64Bit" storage="c:\jenkins\workspace\testsv53_winx86_debug\s\test\stresstests\bin\debug\net6.0\stresstests.dll" id="e4d14b53-e8ed-0db1-b335-08b04c59e636">
      <Execution id="54602cb7-2ea2-4b97-9799-636d85e9c6c3" />
      <TestMethod codeBase="C:\Jenkins\workspace\Testsv53_Winx86_Debug\s\test\StressTests\bin\Debug\net6.0\StressTests.dll" adapterTypeName="executor://xunit/VsTestRunner2/netcoreapp" className="StressTests.Issues.RavenDB_13861" name="BatchMemorySizeLimitationShouldBeExactIn64Bit" />
    </UnitTest>
    <UnitTest name="StressTests.Issues.RavenDB_15080.ExportAndImportCountersShouldKeepOriginalCasing" storage="c:\jenkins\workspace\testsv53_winx86_debug\s\test\stresstests\bin\debug\net6.0\stresstests.dll" id="2119438c-0efe-4635-71a4-280861a3e7ae">
      <Execution id="0615702b-3425-450b-beb5-c16a6b6dcff6" />
      <TestMethod codeBase="C:\Jenkins\workspace\Testsv53_Winx86_Debug\s\test\StressTests\bin\Debug\net6.0\StressTests.dll" adapterTypeName="executor://xunit/VsTestRunner2/netcoreapp" className="StressTests.Issues.RavenDB_15080" name="ExportAndImportCountersShouldKeepOriginalCasing" />
    </UnitTest>
    <UnitTest name="StressTests.Issues.RavenDB_15608.ArtificalDocumentsMatchIndexEntries" storage="c:\jenkins\workspace\testsv53_winx86_debug\s\test\stresstests\bin\debug\net6.0\stresstests.dll" id="9c163107-4236-0c9a-2bdf-21b47250c461">
      <Execution id="d4b7c8a5-867d-4ad7-985e-ac19343f93cc" />
      <TestMethod codeBase="C:\Jenkins\workspace\Testsv53_Winx86_Debug\s\test\StressTests\bin\Debug\net6.0\StressTests.dll" adapterTypeName="executor://xunit/VsTestRunner2/netcoreapp" className="StressTests.Issues.RavenDB_15608" name="ArtificalDocumentsMatchIndexEntries" />
    </UnitTest>
    <UnitTest name="StressTests.Issues.RavenDB_17340.SendingDocumentWithLargeFieldInBulkInsert_32bit(sizeInMb: 10)" storage="c:\jenkins\workspace\testsv53_winx86_debug\s\test\stresstests\bin\debug\net6.0\stresstests.dll" id="b9d8a4fe-b910-16a4-d99b-6db3817afc78">
      <Execution id="b9c6bf67-2509-4918-a969-d22c4374476a" />
      <TestMethod codeBase="C:\Jenkins\workspace\Testsv53_Winx86_Debug\s\test\StressTests\bin\Debug\net6.0\StressTests.dll" adapterTypeName="executor://xunit/VsTestRunner2/netcoreapp" className="StressTests.Issues.RavenDB_17340" name="SendingDocumentWithLargeFieldInBulkInsert_32bit" />
    </UnitTest>
    <UnitTest name="StressTests.Issues.RavenDB_15145.PullReplicationWithoutPrivateKey" storage="c:\jenkins\workspace\testsv53_winx86_debug\s\test\stresstests\bin\debug\net6.0\stresstests.dll" id="172c81d8-1ac1-d477-31f3-36cc32965684">
      <Execution id="43682a21-f528-46b0-81b5-52d77e1f18ce" />
      <TestMethod codeBase="C:\Jenkins\workspace\Testsv53_Winx86_Debug\s\test\StressTests\bin\Debug\net6.0\StressTests.dll" adapterTypeName="executor://xunit/VsTestRunner2/netcoreapp" className="StressTests.Issues.RavenDB_15145" name="PullReplicationWithoutPrivateKey" />
    </UnitTest>
    <UnitTest name="StressTests.Issues.RavenDB_15080.CounterOperationsShouldBeCaseInsensitiveToCounterName" storage="c:\jenkins\workspace\testsv53_winx86_debug\s\test\stresstests\bin\debug\net6.0\stresstests.dll" id="e5c35a17-5dc3-dd27-d005-f5617a8f0a99">
      <Execution id="f46d708c-6dbf-4d3a-b312-7903da6dfb7c" />
      <TestMethod codeBase="C:\Jenkins\workspace\Testsv53_Winx86_Debug\s\test\StressTests\bin\Debug\net6.0\StressTests.dll" adapterTypeName="executor://xunit/VsTestRunner2/netcoreapp" className="StressTests.Issues.RavenDB_15080" name="CounterOperationsShouldBeCaseInsensitiveToCounterName" />
    </UnitTest>
    <UnitTest name="StressTests.Issues.RavenDB_13861.BatchMemorySizeLimitationShouldBeExactInEncryptedModeIn32Bit" storage="c:\jenkins\workspace\testsv53_winx86_debug\s\test\stresstests\bin\debug\net6.0\stresstests.dll" id="da308585-48f5-9b2e-0dc0-ab1059d18967">
      <Execution id="f21e9c8e-323f-4799-acc7-870d3f57b005" />
      <TestMethod codeBase="C:\Jenkins\workspace\Testsv53_Winx86_Debug\s\test\StressTests\bin\Debug\net6.0\StressTests.dll" adapterTypeName="executor://xunit/VsTestRunner2/netcoreapp" className="StressTests.Issues.RavenDB_13861" name="BatchMemorySizeLimitationShouldBeExactInEncryptedModeIn32Bit" />
    </UnitTest>
    <UnitTest name="StressTests.Client.Attachments.AttachmentsSessionStress.PutLotOfAttachmentsAsync(count: 10000)" storage="c:\jenkins\workspace\testsv53_winx86_debug\s\test\stresstests\bin\debug\net6.0\stresstests.dll" id="fa023625-6712-2a16-bd97-233d593178ce">
      <Execution id="74fc7cae-02a1-49b2-ac99-5326e61f9ab1" />
      <TestMethod codeBase="C:\Jenkins\workspace\Testsv53_Winx86_Debug\s\test\StressTests\bin\Debug\net6.0\StressTests.dll" adapterTypeName="executor://xunit/VsTestRunner2/netcoreapp" className="StressTests.Client.Attachments.AttachmentsSessionStress" name="PutLotOfAttachmentsAsync" />
    </UnitTest>
    <UnitTest name="StressTests.Issues.RavenDB_15080.SplitCounterShouldRemoveUnusedEntries" storage="c:\jenkins\workspace\testsv53_winx86_debug\s\test\stresstests\bin\debug\net6.0\stresstests.dll" id="380d3574-8ffd-9ea4-dc1a-b32fea246287">
      <Execution id="f69e3458-c39b-494b-afc5-a64f93ea3419" />
      <TestMethod codeBase="C:\Jenkins\workspace\Testsv53_Winx86_Debug\s\test\StressTests\bin\Debug\net6.0\StressTests.dll" adapterTypeName="executor://xunit/VsTestRunner2/netcoreapp" className="StressTests.Issues.RavenDB_15080" name="SplitCounterShouldRemoveUnusedEntries" />
    </UnitTest>
    <UnitTest name="StressTests.Issues.RavenDB_15080.CanSplitAndReplicateRandomCounterName" storage="c:\jenkins\workspace\testsv53_winx86_debug\s\test\stresstests\bin\debug\net6.0\stresstests.dll" id="8c3c5f78-2362-a9fe-aa08-b91aa9e6dedf">
      <Execution id="3bbec653-0bff-4ba8-98c5-b13a01b9c7d0" />
      <TestMethod codeBase="C:\Jenkins\workspace\Testsv53_Winx86_Debug\s\test\StressTests\bin\Debug\net6.0\StressTests.dll" adapterTypeName="executor://xunit/VsTestRunner2/netcoreapp" className="StressTests.Issues.RavenDB_15080" name="CanSplitAndReplicateRandomCounterName" />
    </UnitTest>
    <UnitTest name="StressTests.Issues.RavenDB_12151.IndexingWhenTransactionSizeLimitExceeded32" storage="c:\jenkins\workspace\testsv53_winx86_debug\s\test\stresstests\bin\debug\net6.0\stresstests.dll" id="35f62089-0b73-7296-cafd-3b69b4e7c443">
      <Execution id="8034dea5-64a0-4934-8de6-a44ef35e43d9" />
      <TestMethod codeBase="C:\Jenkins\workspace\Testsv53_Winx86_Debug\s\test\StressTests\bin\Debug\net6.0\StressTests.dll" adapterTypeName="executor://xunit/VsTestRunner2/netcoreapp" className="StressTests.Issues.RavenDB_12151" name="IndexingWhenTransactionSizeLimitExceeded32" />
    </UnitTest>
    <UnitTest name="StressTests.Issues.RavenDB_12151.IndexingWhenGlobalScratchSpaceLimitExceeded32" storage="c:\jenkins\workspace\testsv53_winx86_debug\s\test\stresstests\bin\debug\net6.0\stresstests.dll" id="85cdac7c-d579-824c-fcee-969b27b2bc94">
      <Execution id="825fc934-83ed-4e5a-abe0-e36dad65ce1c" />
      <TestMethod codeBase="C:\Jenkins\workspace\Testsv53_Winx86_Debug\s\test\StressTests\bin\Debug\net6.0\StressTests.dll" adapterTypeName="executor://xunit/VsTestRunner2/netcoreapp" className="StressTests.Issues.RavenDB_12151" name="IndexingWhenGlobalScratchSpaceLimitExceeded32" />
    </UnitTest>
    <UnitTest name="StressTests.Issues.RavenDB_15080.CountersSessionCacheShouldBeCaseInsensitiveToCounterName" storage="c:\jenkins\workspace\testsv53_winx86_debug\s\test\stresstests\bin\debug\net6.0\stresstests.dll" id="1d1277b2-1426-eaf7-af96-2efba68416a8">
      <Execution id="9c919a0b-3fc0-41ca-af01-3b41a31b71fa" />
      <TestMethod codeBase="C:\Jenkins\workspace\Testsv53_Winx86_Debug\s\test\StressTests\bin\Debug\net6.0\StressTests.dll" adapterTypeName="executor://xunit/VsTestRunner2/netcoreapp" className="StressTests.Issues.RavenDB_15080" name="CountersSessionCacheShouldBeCaseInsensitiveToCounterName" />
    </UnitTest>
    <UnitTest name="StressTests.Client.Attachments.AttachmentsSessionStress.PutLotOfAttachmentsAsync(count: 1000)" storage="c:\jenkins\workspace\testsv53_winx86_debug\s\test\stresstests\bin\debug\net6.0\stresstests.dll" id="0a98fe4e-c638-ab29-6ed6-9ee44591005e">
      <Execution id="1e036ef2-deff-42ea-b5fb-d760ab897662" />
      <TestMethod codeBase="C:\Jenkins\workspace\Testsv53_Winx86_Debug\s\test\StressTests\bin\Debug\net6.0\StressTests.dll" adapterTypeName="executor://xunit/VsTestRunner2/netcoreapp" className="StressTests.Client.Attachments.AttachmentsSessionStress" name="PutLotOfAttachmentsAsync" />
    </UnitTest>
    <UnitTest name="StressTests.Issues.RavenDB_15080.GetCountersForDocumentShouldReturnNamesInTheirOriginalCasing" storage="c:\jenkins\workspace\testsv53_winx86_debug\s\test\stresstests\bin\debug\net6.0\stresstests.dll" id="f4fd9f84-2b2a-9e73-76e7-ad18becee6d0">
      <Execution id="97799a23-26b0-4e44-8269-90dfbe38fa26" />
      <TestMethod codeBase="C:\Jenkins\workspace\Testsv53_Winx86_Debug\s\test\StressTests\bin\Debug\net6.0\StressTests.dll" adapterTypeName="executor://xunit/VsTestRunner2/netcoreapp" className="StressTests.Issues.RavenDB_15080" name="GetCountersForDocumentShouldReturnNamesInTheirOriginalCasing" />
    </UnitTest>
    <UnitTest name="StressTests.Issues.RavenDB_13987.ServerWideBackupShouldNotWakeupIdleDatabases" storage="c:\jenkins\workspace\testsv53_winx86_debug\s\test\stresstests\bin\debug\net6.0\stresstests.dll" id="17accdce-e44e-8c8f-579c-153b004f2932">
      <Execution id="4daaafe0-4152-4a0f-ad55-158c76ae596d" />
      <TestMethod codeBase="C:\Jenkins\workspace\Testsv53_Winx86_Debug\s\test\StressTests\bin\Debug\net6.0\StressTests.dll" adapterTypeName="executor://xunit/VsTestRunner2/netcoreapp" className="StressTests.Issues.RavenDB_13987" name="ServerWideBackupShouldNotWakeupIdleDatabases" />
    </UnitTest>
    <UnitTest name="StressTests.Issues.RavenDB_15080.CanSplitLowerCasedAndUpperCasedCounterNames" storage="c:\jenkins\workspace\testsv53_winx86_debug\s\test\stresstests\bin\debug\net6.0\stresstests.dll" id="0173e6c1-f2f3-34b5-ad1c-1441756e22a1">
      <Execution id="e903773a-eb80-4761-be7d-bed8d1c2aa23" />
      <TestMethod codeBase="C:\Jenkins\workspace\Testsv53_Winx86_Debug\s\test\StressTests\bin\Debug\net6.0\StressTests.dll" adapterTypeName="executor://xunit/VsTestRunner2/netcoreapp" className="StressTests.Issues.RavenDB_15080" name="CanSplitLowerCasedAndUpperCasedCounterNames" />
    </UnitTest>
    <UnitTest name="StressTests.Client.Attachments.AttachmentsStreamStressFromSlow.CanGetListOfAttachmentsAndReadOrderedAsync(count: 1000, size: 32768)" storage="c:\jenkins\workspace\testsv53_winx86_debug\s\test\stresstests\bin\debug\net6.0\stresstests.dll" id="2eea77a7-e763-9c08-60c9-0bec3f11f365">
      <Execution id="f8862dc7-2770-4561-a0ec-77965b630327" />
      <TestMethod codeBase="C:\Jenkins\workspace\Testsv53_Winx86_Debug\s\test\StressTests\bin\Debug\net6.0\StressTests.dll" adapterTypeName="executor://xunit/VsTestRunner2/netcoreapp" className="StressTests.Client.Attachments.AttachmentsStreamStressFromSlow" name="CanGetListOfAttachmentsAndReadOrderedAsync" />
    </UnitTest>
    <UnitTest name="StressTests.Client.Attachments.AttachmentsSessionAsyncStress.PutLotOfAttachments" storage="c:\jenkins\workspace\testsv53_winx86_debug\s\test\stresstests\bin\debug\net6.0\stresstests.dll" id="45eadb51-5e61-5237-7237-76875f83be4b">
      <Execution id="8f79955a-37d3-4ebf-a078-5b3f056e4f67" />
      <TestMethod codeBase="C:\Jenkins\workspace\Testsv53_Winx86_Debug\s\test\StressTests\bin\Debug\net6.0\StressTests.dll" adapterTypeName="executor://xunit/VsTestRunner2/netcoreapp" className="StressTests.Client.Attachments.AttachmentsSessionAsyncStress" name="PutLotOfAttachments" />
    </UnitTest>
    <UnitTest name="StressTests.Issues.RavenDB_17340.SendingDocumentWithLargeFieldInBulkInsert_32bit(sizeInMb: 6)" storage="c:\jenkins\workspace\testsv53_winx86_debug\s\test\stresstests\bin\debug\net6.0\stresstests.dll" id="6a92533b-3390-d56e-5304-a15d01702f88">
      <Execution id="36c44f83-68a8-4e19-8cff-4ba010b16d03" />
      <TestMethod codeBase="C:\Jenkins\workspace\Testsv53_Winx86_Debug\s\test\StressTests\bin\Debug\net6.0\StressTests.dll" adapterTypeName="executor://xunit/VsTestRunner2/netcoreapp" className="StressTests.Issues.RavenDB_17340" name="SendingDocumentWithLargeFieldInBulkInsert_32bit" />
    </UnitTest>
    <UnitTest name="StressTests.Issues.RavenDB_14292.ServerWideBackupShouldBackupIdleDatabase(rounds: 1)" storage="c:\jenkins\workspace\testsv53_winx86_debug\s\test\stresstests\bin\debug\net6.0\stresstests.dll" id="f60b2113-1782-d503-a122-d58319d1fe72">
      <Execution id="360c3145-793e-46db-8c1b-66094a07cc04" />
      <TestMethod codeBase="C:\Jenkins\workspace\Testsv53_Winx86_Debug\s\test\StressTests\bin\Debug\net6.0\StressTests.dll" adapterTypeName="executor://xunit/VsTestRunner2/netcoreapp" className="StressTests.Issues.RavenDB_14292" name="ServerWideBackupShouldBackupIdleDatabase" />
    </UnitTest>
    <UnitTest name="StressTests.Issues.RavenDB_17340.SendingDocumentWithLargeFieldInBulkInsert" storage="c:\jenkins\workspace\testsv53_winx86_debug\s\test\stresstests\bin\debug\net6.0\stresstests.dll" id="134b7d10-a287-c463-428f-24cb86722581">
      <Execution id="fc653b71-b7cf-4d27-8533-b901ae7e5394" />
      <TestMethod codeBase="C:\Jenkins\workspace\Testsv53_Winx86_Debug\s\test\StressTests\bin\Debug\net6.0\StressTests.dll" adapterTypeName="executor://xunit/VsTestRunner2/netcoreapp" className="StressTests.Issues.RavenDB_17340" name="SendingDocumentWithLargeFieldInBulkInsert" />
    </UnitTest>
    <UnitTest name="StressTests.Client.Attachments.AttachmentsSessionStress.StressPutLotOfAttachmentsAsync32(count: 10000)" storage="c:\jenkins\workspace\testsv53_winx86_debug\s\test\stresstests\bin\debug\net6.0\stresstests.dll" id="968faf47-c533-f67b-ef4d-09667731e43a">
      <Execution id="b51818c6-937b-4f49-b465-48764feb7a32" />
      <TestMethod codeBase="C:\Jenkins\workspace\Testsv53_Winx86_Debug\s\test\StressTests\bin\Debug\net6.0\StressTests.dll" adapterTypeName="executor://xunit/VsTestRunner2/netcoreapp" className="StressTests.Client.Attachments.AttachmentsSessionStress" name="StressPutLotOfAttachmentsAsync32" />
    </UnitTest>
  </TestDefinitions>
  <TestEntries>
    <TestEntry testId="39540871-45a4-183d-d444-3ec08140c461" executionId="f500f8bd-3586-4239-8011-15c481af7cc8" testListId="8c84fa94-04c1-424b-9868-57a2d4851a1d" />
    <TestEntry testId="49eeb04f-559b-dbb4-594b-a9277c5578bb" executionId="fc29bf6f-1a61-4565-9b19-13d4d39f6b20" testListId="8c84fa94-04c1-424b-9868-57a2d4851a1d" />
    <TestEntry testId="dfcf9176-a113-b74c-7ffb-4adb5ddcb814" executionId="ce939729-86c3-413a-9dbf-43b657adfa4c" testListId="8c84fa94-04c1-424b-9868-57a2d4851a1d" />
    <TestEntry testId="17accdce-e44e-8c8f-579c-153b004f2932" executionId="4daaafe0-4152-4a0f-ad55-158c76ae596d" testListId="8c84fa94-04c1-424b-9868-57a2d4851a1d" />
    <TestEntry testId="ee259392-c190-a7e5-f0b6-80196ad6fcf6" executionId="bbecc184-049c-47f6-844f-a4c89a194e8a" testListId="8c84fa94-04c1-424b-9868-57a2d4851a1d" />
    <TestEntry testId="70ecf74d-a259-b420-0f00-62ea4b05c9ca" executionId="6b40ec88-7639-4f98-b8c2-81253ddbc1b5" testListId="8c84fa94-04c1-424b-9868-57a2d4851a1d" />
    <TestEntry testId="46ca3e75-60ac-bf4b-f151-ac54416557c6" executionId="6e12ecba-9e9b-4f97-8786-a0002d9633a8" testListId="8c84fa94-04c1-424b-9868-57a2d4851a1d" />
    <TestEntry testId="d5b274e5-9075-02dc-a2c4-b1fc1644b2ff" executionId="c64a60bb-0e2a-43b1-a200-7605937d12d7" testListId="8c84fa94-04c1-424b-9868-57a2d4851a1d" />
    <TestEntry testId="45eadb51-5e61-5237-7237-76875f83be4b" executionId="8f79955a-37d3-4ebf-a078-5b3f056e4f67" testListId="8c84fa94-04c1-424b-9868-57a2d4851a1d" />
    <TestEntry testId="e4d14b53-e8ed-0db1-b335-08b04c59e636" executionId="54602cb7-2ea2-4b97-9799-636d85e9c6c3" testListId="8c84fa94-04c1-424b-9868-57a2d4851a1d" />
    <TestEntry testId="98f0edae-f8eb-5957-cbae-cee5439fc509" executionId="176ea147-ccd6-4e81-b84b-ffd979f6ae73" testListId="8c84fa94-04c1-424b-9868-57a2d4851a1d" />
    <TestEntry testId="fe177f54-d8d1-fe5a-9f44-b225cfc4e3a8" executionId="df1ebb5f-3c46-4968-9e27-aa86d57b0f11" testListId="8c84fa94-04c1-424b-9868-57a2d4851a1d" />
    <TestEntry testId="fad8833f-52c0-9aa0-a819-ef47f78319ad" executionId="16cab836-c2cc-429c-a351-26c5ce17add3" testListId="8c84fa94-04c1-424b-9868-57a2d4851a1d" />
    <TestEntry testId="cc97f8b2-a5c9-bf1f-c3e8-4ce8e2e0c58c" executionId="30e54e69-6a69-4094-89f3-37e5bdaebe77" testListId="8c84fa94-04c1-424b-9868-57a2d4851a1d" />
    <TestEntry testId="5f6764fd-bbec-ab30-f216-a6751ef4935f" executionId="3e4b7c79-2932-40be-a5f7-90a6ea50f94d" testListId="8c84fa94-04c1-424b-9868-57a2d4851a1d" />
    <TestEntry testId="3893e3c4-9887-ddab-e877-976fde50bec2" executionId="bfa00360-fa39-429f-90d7-c7ac1c88a199" testListId="8c84fa94-04c1-424b-9868-57a2d4851a1d" />
    <TestEntry testId="67cad4ba-3eb2-c45d-e463-f853ce1f8ace" executionId="b22157ac-9ca8-4a2c-8522-7dd488c01fb9" testListId="8c84fa94-04c1-424b-9868-57a2d4851a1d" />
    <TestEntry testId="fa023625-6712-2a16-bd97-233d593178ce" executionId="74fc7cae-02a1-49b2-ac99-5326e61f9ab1" testListId="8c84fa94-04c1-424b-9868-57a2d4851a1d" />
    <TestEntry testId="0a98fe4e-c638-ab29-6ed6-9ee44591005e" executionId="1e036ef2-deff-42ea-b5fb-d760ab897662" testListId="8c84fa94-04c1-424b-9868-57a2d4851a1d" />
    <TestEntry testId="85cdac7c-d579-824c-fcee-969b27b2bc94" executionId="825fc934-83ed-4e5a-abe0-e36dad65ce1c" testListId="8c84fa94-04c1-424b-9868-57a2d4851a1d" />
    <TestEntry testId="35f62089-0b73-7296-cafd-3b69b4e7c443" executionId="8034dea5-64a0-4934-8de6-a44ef35e43d9" testListId="8c84fa94-04c1-424b-9868-57a2d4851a1d" />
    <TestEntry testId="f119b961-b58f-9c2b-ee30-5050ac9ab2b2" executionId="6755b6c8-090b-49b7-990a-afadca9ed831" testListId="8c84fa94-04c1-424b-9868-57a2d4851a1d" />
    <TestEntry testId="6a92533b-3390-d56e-5304-a15d01702f88" executionId="36c44f83-68a8-4e19-8cff-4ba010b16d03" testListId="8c84fa94-04c1-424b-9868-57a2d4851a1d" />
    <TestEntry testId="1baf18da-3ef8-ddb5-3839-08c1b2da0cbc" executionId="c29b3999-c9bb-4485-b9a1-b10b413c8388" testListId="8c84fa94-04c1-424b-9868-57a2d4851a1d" />
    <TestEntry testId="1d1277b2-1426-eaf7-af96-2efba68416a8" executionId="9c919a0b-3fc0-41ca-af01-3b41a31b71fa" testListId="8c84fa94-04c1-424b-9868-57a2d4851a1d" />
    <TestEntry testId="8c3c5f78-2362-a9fe-aa08-b91aa9e6dedf" executionId="3bbec653-0bff-4ba8-98c5-b13a01b9c7d0" testListId="8c84fa94-04c1-424b-9868-57a2d4851a1d" />
    <TestEntry testId="134b7d10-a287-c463-428f-24cb86722581" executionId="fc653b71-b7cf-4d27-8533-b901ae7e5394" testListId="8c84fa94-04c1-424b-9868-57a2d4851a1d" />
    <TestEntry testId="5551f725-b7c7-cab6-7abf-e161808b308a" executionId="2c236a51-8db2-4571-abfa-d95da780ad74" testListId="8c84fa94-04c1-424b-9868-57a2d4851a1d" />
    <TestEntry testId="4bff0f6a-01dc-91bb-930a-a279c7c26dcf" executionId="1487926e-01f0-4699-b9a1-47030c8455a0" testListId="8c84fa94-04c1-424b-9868-57a2d4851a1d" />
    <TestEntry testId="94d5778a-f8c9-91a7-43b8-80297315f4fc" executionId="2b5e5628-f679-47d9-9ca3-bf5d0de5fd15" testListId="8c84fa94-04c1-424b-9868-57a2d4851a1d" />
    <TestEntry testId="0173e6c1-f2f3-34b5-ad1c-1441756e22a1" executionId="e903773a-eb80-4761-be7d-bed8d1c2aa23" testListId="8c84fa94-04c1-424b-9868-57a2d4851a1d" />
    <TestEntry testId="9c163107-4236-0c9a-2bdf-21b47250c461" executionId="d4b7c8a5-867d-4ad7-985e-ac19343f93cc" testListId="8c84fa94-04c1-424b-9868-57a2d4851a1d" />
    <TestEntry testId="055abd3a-1ba1-7387-0c53-6d25ab721e1f" executionId="c8c31a45-12a6-4345-9995-d94f6639b31e" testListId="8c84fa94-04c1-424b-9868-57a2d4851a1d" />
    <TestEntry testId="f4fd9f84-2b2a-9e73-76e7-ad18becee6d0" executionId="97799a23-26b0-4e44-8269-90dfbe38fa26" testListId="8c84fa94-04c1-424b-9868-57a2d4851a1d" />
    <TestEntry testId="2b790d24-3929-5d9e-6419-84c45109e085" executionId="911cd401-1b01-4f9a-9686-f88bf9d63d81" testListId="8c84fa94-04c1-424b-9868-57a2d4851a1d" />
    <TestEntry testId="c29f3afb-40e2-f326-337f-609b8732f31a" executionId="590dc180-458b-4426-97dc-cd73973893ef" testListId="8c84fa94-04c1-424b-9868-57a2d4851a1d" />
    <TestEntry testId="da308585-48f5-9b2e-0dc0-ab1059d18967" executionId="f21e9c8e-323f-4799-acc7-870d3f57b005" testListId="8c84fa94-04c1-424b-9868-57a2d4851a1d" />
    <TestEntry testId="380d3574-8ffd-9ea4-dc1a-b32fea246287" executionId="f69e3458-c39b-494b-afc5-a64f93ea3419" testListId="8c84fa94-04c1-424b-9868-57a2d4851a1d" />
    <TestEntry testId="39cdbb5b-b76c-8eca-1f3a-bf986afd331f" executionId="3711080e-73a1-464e-946b-a1f0c49d1866" testListId="8c84fa94-04c1-424b-9868-57a2d4851a1d" />
    <TestEntry testId="172c81d8-1ac1-d477-31f3-36cc32965684" executionId="43682a21-f528-46b0-81b5-52d77e1f18ce" testListId="8c84fa94-04c1-424b-9868-57a2d4851a1d" />
    <TestEntry testId="cc9e1c8d-caf1-b5ee-25af-807d054f9014" executionId="0d7a737f-155d-45b6-bad3-1e378a841d4d" testListId="8c84fa94-04c1-424b-9868-57a2d4851a1d" />
    <TestEntry testId="8df70892-4b75-fd3d-0e8e-76c7df387562" executionId="8875121e-19aa-4c62-8854-9daa89b6f444" testListId="8c84fa94-04c1-424b-9868-57a2d4851a1d" />
    <TestEntry testId="e5c35a17-5dc3-dd27-d005-f5617a8f0a99" executionId="f46d708c-6dbf-4d3a-b312-7903da6dfb7c" testListId="8c84fa94-04c1-424b-9868-57a2d4851a1d" />
    <TestEntry testId="f60b2113-1782-d503-a122-d58319d1fe72" executionId="360c3145-793e-46db-8c1b-66094a07cc04" testListId="8c84fa94-04c1-424b-9868-57a2d4851a1d" />
    <TestEntry testId="968faf47-c533-f67b-ef4d-09667731e43a" executionId="b51818c6-937b-4f49-b465-48764feb7a32" testListId="8c84fa94-04c1-424b-9868-57a2d4851a1d" />
    <TestEntry testId="dc1c313c-75f8-2b38-05cd-702d68c56c1b" executionId="332e3161-09a1-44f6-9d44-aaca0fdbcf02" testListId="8c84fa94-04c1-424b-9868-57a2d4851a1d" />
    <TestEntry testId="2eea77a7-e763-9c08-60c9-0bec3f11f365" executionId="f8862dc7-2770-4561-a0ec-77965b630327" testListId="8c84fa94-04c1-424b-9868-57a2d4851a1d" />
    <TestEntry testId="b9d8a4fe-b910-16a4-d99b-6db3817afc78" executionId="b9c6bf67-2509-4918-a969-d22c4374476a" testListId="8c84fa94-04c1-424b-9868-57a2d4851a1d" />
    <TestEntry testId="2119438c-0efe-4635-71a4-280861a3e7ae" executionId="0615702b-3425-450b-beb5-c16a6b6dcff6" testListId="8c84fa94-04c1-424b-9868-57a2d4851a1d" />
    <TestEntry testId="47d9960d-9f6e-8703-6774-ee4d9a5fbfad" executionId="c006e054-2cc0-45a6-8e02-0b7953fa28a2" testListId="8c84fa94-04c1-424b-9868-57a2d4851a1d" />
  </TestEntries>
  <TestLists>
    <TestList name="Results Not in a List" id="8c84fa94-04c1-424b-9868-57a2d4851a1d" />
    <TestList name="All Loaded Results" id="19431567-8539-422a-85d7-44ee4e166bda" />
  </TestLists>
  <ResultSummary outcome="Completed">
    <Counters total="50" executed="36" passed="36" failed="0" error="0" timeout="0" aborted="0" inconclusive="0" passedButRunAborted="0" notRunnable="0" notExecuted="0" disconnected="0" warning="0" completed="0" inProgress="0" pending="0" />
    <Output>
      <StdOut>[xUnit.net 00:00:00.00] xUnit.net VSTest Adapter v2.4.3+1b45f5407b (32-bit .NET 6.0.3)&#xD;
[xUnit.net 00:00:01.41]   Discovering: StressTests (method display = ClassAndMethod, method display options = None)&#xD;
[xUnit.net 00:00:01.49]   Discovered:  StressTests (found 181 test cases)&#xD;
[xUnit.net 00:00:01.50]   Starting:    StressTests (parallel test collections = off, max threads = 1)&#xD;
[xUnit.net 00:00:01.54]       Test can be run only on 'All' (AllX64)&#xD;
[xUnit.net 00:00:01.68]       Test can be run only on 'All' (AllX64)&#xD;
[xUnit.net 00:00:01.68]       Test can be run only on 'All' (AllX64)&#xD;
Test 'StressTests.Issues.RavenDB_15780.SuccessRate_BloomFilters_1' was skipped in the test run.&#xD;
Test 'StressTests.Issues.RavenDB_15780.SuccessRate_BloomFilters_2' was skipped in the test run.&#xD;
Test 'StressTests.Issues.RavenDB_15780.SuccessRate_BloomFilters_3' was skipped in the test run.&#xD;
[xUnit.net 00:02:46.45]       Test can be run only on 'All' (AllX64)&#xD;
Test 'StressTests.Issues.RavenDB_16934.Should_Delete_All_Documents_Without_Timeout' was skipped in the test run.&#xD;
[xUnit.net 00:03:24.22]       Test can be run only on 'All' (AllX64)&#xD;
Test 'StressTests.Client.Attachments.AttachmentsSessionAsyncStress.PutLotOfAttachments' was skipped in the test run.&#xD;
[xUnit.net 00:03:40.04]       Test can be run only on 'All' (AllX64)&#xD;
Test 'StressTests.Issues.RavenDB_13528.Can_write_more_than_4GB_to_journal_file' was skipped in the test run.&#xD;
[xUnit.net 00:04:05.06]       Test can be run only on 'All' (AllX64)&#xD;
[xUnit.net 00:04:05.06]       Test can be run only on 'All' (AllX64)&#xD;
Test 'StressTests.Issues.RavenDB_13861.BatchMemorySizeLimitationShouldBeExactInEncryptedModeIn64Bit' was skipped in the test run.&#xD;
Test 'StressTests.Issues.RavenDB_13861.BatchMemorySizeLimitationShouldBeExactIn64Bit' was skipped in the test run.&#xD;
[xUnit.net 00:04:08.78]       Test can be run only on 'Windows' (AllX64)&#xD;
[xUnit.net 00:04:08.78]       Test can be run only on 'All' (AllX64)&#xD;
[xUnit.net 00:04:08.78]       Test can be run only on 'All' (AllX64)&#xD;
Test 'StressTests.Issues.RavenDB_17296.Should_Not_Kill_Server_Because_Of_Insufficient_Execution_Stack' was skipped in the test run.&#xD;
Test 'StressTests.Issues.RavenDB_12151.IndexingWhenGlobalScratchSpaceLimitExceeded' was skipped in the test run.&#xD;
Test 'StressTests.Issues.RavenDB_12151.IndexingWhenScratchSpaceLimitExceeded' was skipped in the test run.&#xD;
[xUnit.net 00:04:12.69]       Test can be run only on 'All' (AllX64)&#xD;
Test 'StressTests.Issues.RavenDB_12151.IndexingWhenTransactionSizeLimitExceeded' was skipped in the test run.&#xD;
[xUnit.net 00:04:23.55]       Test can be run only on 'All' (AllX64)&#xD;
Test 'StressTests.Client.Attachments.AttachmentsSessionStress.StressPutLotOfAttachmentsAsync' was skipped in the test run.&#xD;
[xUnit.net 00:04:32.40]       Test can be run only on 'All' (AllX64)&#xD;
Test 'StressTests.Issues.RavenDB_17340.SendingDocumentWithLargeFieldInBulkInsert' was skipped in the test run.&#xD;
[xUnit.net 00:08:22.98]   Finished:    StressTests&#xD;
</StdOut>
    </Output>
    <RunInfos>
      <RunInfo computerName="EAGLE-1" outcome="Warning" timestamp="2022-03-14T07:56:15.4252169+02:00">
        <Text>[xUnit.net 00:00:01.43] StressTests: Exception during discovery:&#xD;
System.ArgumentException: Property set method not found.&#xD;
   at System.Reflection.RuntimePropertyInfo.SetValue(Object obj, Object value, BindingFlags invokeAttr, Binder binder, Object[] index, CultureInfo culture)&#xD;
   at System.Reflection.RuntimePropertyInfo.SetValue(Object obj, Object value, Object[] index)&#xD;
   at Xunit.Sdk.ReflectionAttributeInfo.Instantiate(CustomAttributeData attributeData) in C:\Dev\xunit\xunit\src\xunit.execution\Sdk\Reflection\ReflectionAttributeInfo.cs:line 148&#xD;
   at Xunit.Sdk.ReflectionMethodInfo.GetCustomAttributes(MethodInfo method, Type attributeType, AttributeUsageAttribute attributeUsage) in C:\Dev\xunit\xunit\src\xunit.execution\Sdk\Reflection\ReflectionMethodInfo.cs:line 100&#xD;
   at Xunit.Sdk.ReflectionMethodInfo.GetCustomAttributes(MethodInfo method, String assemblyQualifiedAttributeTypeName) in C:\Dev\xunit\xunit\src\xunit.execution\Sdk\Reflection\ReflectionMethodInfo.cs:line 87&#xD;
   at Xunit.Sdk.ReflectionMethodInfo.GetCustomAttributes(String assemblyQualifiedAttributeTypeName) in C:\Dev\xunit\xunit\src\xunit.execution\Sdk\Reflection\ReflectionMethodInfo.cs:line 80&#xD;
   at Xunit.Sdk.XunitTestFrameworkDiscoverer.FindTestsForMethod(ITestMethod testMethod, Boolean includeSourceInformation, IMessageBus messageBus, ITestFrameworkDiscoveryOptions discoveryOptions) in C:\Dev\xunit\xunit\src\xunit.execution\Sdk\Frameworks\XunitTestFrameworkDiscoverer.cs:line 84&#xD;
   at Xunit.Sdk.XunitTestFrameworkDiscoverer.FindTestsForType(ITestClass testClass, Boolean includeSourceInformation, IMessageBus messageBus, ITestFrameworkDiscoveryOptions discoveryOptions) in C:\Dev\xunit\xunit\src\xunit.execution\Sdk\Frameworks\XunitTestFrameworkDiscoverer.cs:line 132&#xD;
   at Xunit.Sdk.TestFrameworkDiscoverer.FindTestsForTypeAndWrapExceptions(ITestClass testClass, Boolean includeSourceInformation, IMessageBus messageBus, ITestFrameworkDiscoveryOptions discoveryOptions) in C:\Dev\xunit\xunit\src\xunit.execution\Sdk\Frameworks\TestFrameworkDiscoverer.cs:line 156</Text>
      </RunInfo>
      <RunInfo computerName="EAGLE-1" outcome="Warning" timestamp="2022-03-14T07:56:15.5398721+02:00">
        <Text>[xUnit.net 00:00:01.54]     StressTests.Issues.RavenDB_15780.SuccessRate_BloomFilters_1 [SKIP]</Text>
      </RunInfo>
      <RunInfo computerName="EAGLE-1" outcome="Warning" timestamp="2022-03-14T07:56:15.6712305+02:00">
        <Text>[xUnit.net 00:00:01.68]     StressTests.Issues.RavenDB_15780.SuccessRate_BloomFilters_2 [SKIP]</Text>
      </RunInfo>
      <RunInfo computerName="EAGLE-1" outcome="Warning" timestamp="2022-03-14T07:56:15.6712815+02:00">
        <Text>[xUnit.net 00:00:01.68]     StressTests.Issues.RavenDB_15780.SuccessRate_BloomFilters_3 [SKIP]</Text>
      </RunInfo>
      <RunInfo computerName="EAGLE-1" outcome="Warning" timestamp="2022-03-14T07:59:00.4486526+02:00">
        <Text>[xUnit.net 00:02:46.45]     StressTests.Issues.RavenDB_16934.Should_Delete_All_Documents_Without_Timeout [SKIP]</Text>
      </RunInfo>
      <RunInfo computerName="EAGLE-1" outcome="Warning" timestamp="2022-03-14T07:59:38.2180464+02:00">
        <Text>[xUnit.net 00:03:24.22]     StressTests.Client.Attachments.AttachmentsSessionAsyncStress.PutLotOfAttachments [SKIP]</Text>
      </RunInfo>
      <RunInfo computerName="EAGLE-1" outcome="Warning" timestamp="2022-03-14T07:59:54.0315991+02:00">
        <Text>[xUnit.net 00:03:40.04]     StressTests.Issues.RavenDB_13528.Can_write_more_than_4GB_to_journal_file [SKIP]</Text>
      </RunInfo>
      <RunInfo computerName="EAGLE-1" outcome="Warning" timestamp="2022-03-14T08:00:19.0512404+02:00">
        <Text>[xUnit.net 00:04:05.06]     StressTests.Issues.RavenDB_13861.BatchMemorySizeLimitationShouldBeExactInEncryptedModeIn64Bit [SKIP]</Text>
      </RunInfo>
      <RunInfo computerName="EAGLE-1" outcome="Warning" timestamp="2022-03-14T08:00:19.0512707+02:00">
        <Text>[xUnit.net 00:04:05.06]     StressTests.Issues.RavenDB_13861.BatchMemorySizeLimitationShouldBeExactIn64Bit [SKIP]</Text>
      </RunInfo>
      <RunInfo computerName="EAGLE-1" outcome="Warning" timestamp="2022-03-14T08:00:22.7728813+02:00">
        <Text>[xUnit.net 00:04:08.78]     StressTests.Issues.RavenDB_17296.Should_Not_Kill_Server_Because_Of_Insufficient_Execution_Stack [SKIP]</Text>
      </RunInfo>
      <RunInfo computerName="EAGLE-1" outcome="Warning" timestamp="2022-03-14T08:00:22.7729281+02:00">
        <Text>[xUnit.net 00:04:08.78]     StressTests.Issues.RavenDB_12151.IndexingWhenGlobalScratchSpaceLimitExceeded [SKIP]</Text>
      </RunInfo>
      <RunInfo computerName="EAGLE-1" outcome="Warning" timestamp="2022-03-14T08:00:22.7729574+02:00">
        <Text>[xUnit.net 00:04:08.78]     StressTests.Issues.RavenDB_12151.IndexingWhenScratchSpaceLimitExceeded [SKIP]</Text>
      </RunInfo>
      <RunInfo computerName="EAGLE-1" outcome="Warning" timestamp="2022-03-14T08:00:26.6856057+02:00">
        <Text>[xUnit.net 00:04:12.69]     StressTests.Issues.RavenDB_12151.IndexingWhenTransactionSizeLimitExceeded [SKIP]</Text>
      </RunInfo>
      <RunInfo computerName="EAGLE-1" outcome="Warning" timestamp="2022-03-14T08:00:37.5412522+02:00">
        <Text>[xUnit.net 00:04:23.55]     StressTests.Client.Attachments.AttachmentsSessionStress.StressPutLotOfAttachmentsAsync [SKIP]</Text>
      </RunInfo>
      <RunInfo computerName="EAGLE-1" outcome="Warning" timestamp="2022-03-14T08:00:46.3944004+02:00">
        <Text>[xUnit.net 00:04:32.40]     StressTests.Issues.RavenDB_17340.SendingDocumentWithLargeFieldInBulkInsert [SKIP]</Text>
      </RunInfo>
    </RunInfos>
  </ResultSummary>
</TestRun>